Archive member included because of file (symbol)

/nfs/nfs5/home/research/hardware/arm2/gcc-arm-embedded/gcc-arm-none-eabi-4_8-2014q2/bin/../lib/gcc/arm-none-eabi/4.8.4/armv7e-m/libgcc.a(_aeabi_ldivmod.o)
                              build/obj/LSM303AGR_ACC_driver.o (__aeabi_ldivmod)
/nfs/nfs5/home/research/hardware/arm2/gcc-arm-embedded/gcc-arm-none-eabi-4_8-2014q2/bin/../lib/gcc/arm-none-eabi/4.8.4/armv7e-m/libgcc.a(bpabi.o)
                              /nfs/nfs5/home/research/hardware/arm2/gcc-arm-embedded/gcc-arm-none-eabi-4_8-2014q2/bin/../lib/gcc/arm-none-eabi/4.8.4/armv7e-m/libgcc.a(_aeabi_ldivmod.o) (__gnu_ldivmod_helper)
/nfs/nfs5/home/research/hardware/arm2/gcc-arm-embedded/gcc-arm-none-eabi-4_8-2014q2/bin/../lib/gcc/arm-none-eabi/4.8.4/armv7e-m/libgcc.a(_dvmd_tls.o)
                              /nfs/nfs5/home/research/hardware/arm2/gcc-arm-embedded/gcc-arm-none-eabi-4_8-2014q2/bin/../lib/gcc/arm-none-eabi/4.8.4/armv7e-m/libgcc.a(_aeabi_ldivmod.o) (__aeabi_ldiv0)
/nfs/nfs5/home/research/hardware/arm2/gcc-arm-embedded/gcc-arm-none-eabi-4_8-2014q2/bin/../lib/gcc/arm-none-eabi/4.8.4/armv7e-m/libgcc.a(_divdi3.o)
                              /nfs/nfs5/home/research/hardware/arm2/gcc-arm-embedded/gcc-arm-none-eabi-4_8-2014q2/bin/../lib/gcc/arm-none-eabi/4.8.4/armv7e-m/libgcc.a(bpabi.o) (__divdi3)
/nfs/nfs5/home/research/hardware/arm2/gcc-arm-embedded/gcc-arm-none-eabi-4_8-2014q2/bin/../lib/gcc/arm-none-eabi/4.8.4/armv7e-m/libgcc.a(_udivdi3.o)
                              /nfs/nfs5/home/research/hardware/arm2/gcc-arm-embedded/gcc-arm-none-eabi-4_8-2014q2/bin/../lib/gcc/arm-none-eabi/4.8.4/armv7e-m/libgcc.a(bpabi.o) (__udivdi3)
/nfs/nfs5/home/research/hardware/arm2/gcc-arm-embedded/gcc-arm-none-eabi-4_8-2014q2/bin/../lib/gcc/arm-none-eabi/4.8.4/../../../../arm-none-eabi/lib/armv7e-m/libg.a(lib_a-atoi.o)
                              build/obj/main.o (atoi)
/nfs/nfs5/home/research/hardware/arm2/gcc-arm-embedded/gcc-arm-none-eabi-4_8-2014q2/bin/../lib/gcc/arm-none-eabi/4.8.4/../../../../arm-none-eabi/lib/armv7e-m/libg.a(lib_a-memcpy.o)
                              build/obj/hal_buffers.o (memcpy)
/nfs/nfs5/home/research/hardware/arm2/gcc-arm-embedded/gcc-arm-none-eabi-4_8-2014q2/bin/../lib/gcc/arm-none-eabi/4.8.4/../../../../arm-none-eabi/lib/armv7e-m/libg.a(lib_a-memset.o)
                              build/obj/usb.o (memset)
/nfs/nfs5/home/research/hardware/arm2/gcc-arm-embedded/gcc-arm-none-eabi-4_8-2014q2/bin/../lib/gcc/arm-none-eabi/4.8.4/../../../../arm-none-eabi/lib/armv7e-m/libg.a(lib_a-strcat.o)
                              build/obj/main.o (strcat)
/nfs/nfs5/home/research/hardware/arm2/gcc-arm-embedded/gcc-arm-none-eabi-4_8-2014q2/bin/../lib/gcc/arm-none-eabi/4.8.4/../../../../arm-none-eabi/lib/armv7e-m/libg.a(lib_a-strcmp.o)
                              build/obj/shell.o (strcmp)
/nfs/nfs5/home/research/hardware/arm2/gcc-arm-embedded/gcc-arm-none-eabi-4_8-2014q2/bin/../lib/gcc/arm-none-eabi/4.8.4/../../../../arm-none-eabi/lib/armv7e-m/libg.a(lib_a-strcpy.o)
                              /nfs/nfs5/home/research/hardware/arm2/gcc-arm-embedded/gcc-arm-none-eabi-4_8-2014q2/bin/../lib/gcc/arm-none-eabi/4.8.4/../../../../arm-none-eabi/lib/armv7e-m/libg.a(lib_a-strcat.o) (strcpy)
/nfs/nfs5/home/research/hardware/arm2/gcc-arm-embedded/gcc-arm-none-eabi-4_8-2014q2/bin/../lib/gcc/arm-none-eabi/4.8.4/../../../../arm-none-eabi/lib/armv7e-m/libg.a(lib_a-strftime.o)
                              build/obj/main.o (strftime)
/nfs/nfs5/home/research/hardware/arm2/gcc-arm-embedded/gcc-arm-none-eabi-4_8-2014q2/bin/../lib/gcc/arm-none-eabi/4.8.4/../../../../arm-none-eabi/lib/armv7e-m/libg.a(lib_a-strlen.o)
                              build/obj/main.o (strlen)
/nfs/nfs5/home/research/hardware/arm2/gcc-arm-embedded/gcc-arm-none-eabi-4_8-2014q2/bin/../lib/gcc/arm-none-eabi/4.8.4/../../../../arm-none-eabi/lib/armv7e-m/libg.a(lib_a-strpbrk.o)
                              build/obj/shell.o (strpbrk)
/nfs/nfs5/home/research/hardware/arm2/gcc-arm-embedded/gcc-arm-none-eabi-4_8-2014q2/bin/../lib/gcc/arm-none-eabi/4.8.4/../../../../arm-none-eabi/lib/armv7e-m/libg.a(lib_a-strspn.o)
                              build/obj/shell.o (strspn)
/nfs/nfs5/home/research/hardware/arm2/gcc-arm-embedded/gcc-arm-none-eabi-4_8-2014q2/bin/../lib/gcc/arm-none-eabi/4.8.4/../../../../arm-none-eabi/lib/armv7e-m/libg.a(lib_a-strtok.o)
                              build/obj/main.o (strtok)
/nfs/nfs5/home/research/hardware/arm2/gcc-arm-embedded/gcc-arm-none-eabi-4_8-2014q2/bin/../lib/gcc/arm-none-eabi/4.8.4/../../../../arm-none-eabi/lib/armv7e-m/libg.a(lib_a-strtok_r.o)
                              /nfs/nfs5/home/research/hardware/arm2/gcc-arm-embedded/gcc-arm-none-eabi-4_8-2014q2/bin/../lib/gcc/arm-none-eabi/4.8.4/../../../../arm-none-eabi/lib/armv7e-m/libg.a(lib_a-strtok.o) (__strtok_r)
[...]
Memory Configuration

Name             Origin             Length             Attributes
flash            0x08000000         0x00100000
ram0             0x20000000         0x00018000
ram1             0x00000000         0x00000000
ram2             0x00000000         0x00000000
ram3             0x00000000         0x00000000
ram4             0x10000000         0x00008000
ram5             0x00000000         0x00000000
ram6             0x00000000         0x00000000
ram7             0x00000000         0x00000000
*default*        0x00000000         0xffffffff

Linker script and memory map

LOAD build/obj/crt0_v7m.o
LOAD build/obj/chcoreasm_v7m.o
LOAD build/obj/crt1.o
LOAD build/obj/vectors.o
LOAD build/obj/chsys.o
LOAD build/obj/chdebug.o
LOAD build/obj/chvt.o
LOAD build/obj/chschd.o
LOAD build/obj/chthreads.o
LOAD build/obj/chtm.o
LOAD build/obj/chdynamic.o
LOAD build/obj/chregistry.o
LOAD build/obj/chsem.o
LOAD build/obj/chmtx.o
LOAD build/obj/chcond.o
LOAD build/obj/chevents.o
LOAD build/obj/chmsg.o
LOAD build/obj/chmboxes.o
LOAD build/obj/chqueues.o
LOAD build/obj/chmemcore.o
LOAD build/obj/chheap.o
LOAD build/obj/chmempools.o
LOAD build/obj/chcore.o
LOAD build/obj/chcore_v7m.o
LOAD build/obj/osal.o
LOAD build/obj/hal.o
LOAD build/obj/st.o
LOAD build/obj/hal_buffers.o
LOAD build/obj/hal_queues.o
LOAD build/obj/hal_mmcsd.o
LOAD build/obj/pal.o
LOAD build/obj/rtc.o
LOAD build/obj/sdc.o
LOAD build/obj/serial.o
LOAD build/obj/spi.o
LOAD build/obj/usb.o
LOAD build/obj/nvic.o
LOAD build/obj/hal_lld.o
LOAD build/obj/stm32_dma.o
LOAD build/obj/st_lld.o
LOAD build/obj/pal_lld.o
LOAD build/obj/usb_lld.o
LOAD build/obj/rtc_lld.o
LOAD build/obj/sdc_lld.o
LOAD build/obj/spi_lld.o
LOAD build/obj/serial_lld.o
LOAD build/obj/board.o
LOAD build/obj/test.o
LOAD build/obj/testthd.o
LOAD build/obj/testsem.o
LOAD build/obj/testmtx.o
LOAD build/obj/testmsg.o
LOAD build/obj/testmbox.o
LOAD build/obj/testevt.o
LOAD build/obj/testheap.o
LOAD build/obj/testpools.o
LOAD build/obj/testdyn.o
LOAD build/obj/testqueues.o
LOAD build/obj/testsys.o
LOAD build/obj/testbmk.o
LOAD build/obj/evtimer.o
LOAD build/obj/memstreams.o
LOAD build/obj/chprintf.o
LOAD build/obj/shell.o
LOAD build/obj/syscalls.o
LOAD build/obj/main.o
LOAD build/obj/emu_uart.o
LOAD build/obj/LSM303AGR_ACC_driver.o
LOAD build/obj/SensorTile.o
                0x20000000                __ram0_start__ = ORIGIN (ram0)
                0x00018000                __ram0_size__ = 0x18000
                0x20018000                __ram0_end__ = (__ram0_start__ + __ram0_size__)
                0x00000000                __ram1_start__ = ORIGIN (ram1)
                0x00000000                __ram1_size__ = 0x0
                0x00000000                __ram1_end__ = (__ram1_start__ + __ram1_size__)
                0x00000000                __ram2_start__ = ORIGIN (ram2)
                0x00000000                __ram2_size__ = 0x0
                0x00000000                __ram2_end__ = (__ram2_start__ + __ram2_size__)
                0x00000000                __ram3_start__ = ORIGIN (ram3)
                0x00000000                __ram3_size__ = 0x0
                0x00000000                __ram3_end__ = (__ram3_start__ + __ram3_size__)
                0x10000000                __ram4_start__ = ORIGIN (ram4)
                0x00008000                __ram4_size__ = 0x8000
                0x10008000                __ram4_end__ = (__ram4_start__ + __ram4_size__)
                0x00000000                __ram5_start__ = ORIGIN (ram5)
                0x00000000                __ram5_size__ = 0x0
                0x00000000                __ram5_end__ = (__ram5_start__ + __ram5_size__)
                0x00000000                __ram6_start__ = ORIGIN (ram6)
                0x00000000                __ram6_size__ = 0x0
                0x00000000                __ram6_end__ = (__ram6_start__ + __ram6_size__)
                0x00000000                __ram7_start__ = ORIGIN (ram7)
                0x00000000                __ram7_size__ = 0x0
                0x00000000                __ram7_end__ = (__ram7_start__ + __ram7_size__)
                0x00000000                . = 0x0
                0x00000000                _text = .

startup         0x08000000      0x200
 *(.vectors)
 .vectors       0x08000000      0x200 build/obj/vectors.o
                0x08000000                _vectors

constructors    0x08000200        0x0
                0x08000200                __init_array_start = .
 *(SORT(.init_array.*))
 *(.init_array)
                0x08000200                __init_array_end = .

destructors     0x08000200        0x0
                0x08000200                __fini_array_start = .
 *(.fini_array)
 *(SORT(.fini_array.*))
                0x08000200                __fini_array_end = .

.text           0x08000200    0x1c450
 *(.text)
 .text          0x08000200       0xd4 build/obj/crt0_v7m.o
                0x08000200                Reset_Handler
 *fill*         0x080002d4        0xc 
 .text          0x080002e0       0x28 build/obj/chcoreasm_v7m.o
                0x080002e0                _port_switch
                0x080002f0                _port_thread_start
                0x08000300                _port_switch_from_isr
                0x08000304                _port_exit_from_isr
 *fill*         0x08000308        0x8 
 .text          0x08000310       0xb0 build/obj/crt1.o
                0x08000310                __core_init
                0x08000330                __late_init
                0x08000340                __default_exit
                0x08000350                __init_ram_areas
 .text          0x080003c0       0x10 build/obj/vectors.o
                0x080003c0                Vector58
                0x080003c0                VectorE8
                0x080003c0                Vector9C
                0x080003c0                VectorAC
                0x080003c0                DebugMon_Handler
                0x080003c0                Vector5C
                0x080003c0                Vector11C
                0x080003c0                HardFault_Handler
                0x080003c0                Vector19C
                0x080003c0                Vector8C
                0x080003c0                VectorDC
                0x080003c0                PendSV_Handler
                0x080003c0                Vector168
                0x080003c0                NMI_Handler
                0x080003c0                Vector110
                0x080003c0                VectorC8
                0x080003c0                Vector94
                0x080003c0                VectorA8
                0x080003c0                VectorB4
                0x080003c0                Vector160
                0x080003c0                UsageFault_Handler
                0x080003c0                VectorEC
                0x080003c0                Vector40
                0x080003c0                VectorF8
                0x080003c0                Vector108
                0x080003c0                VectorBC
                0x080003c0                Vector190
                0x080003c0                Vector148
                0x080003c0                Vector188
                0x080003c0                Vector198
                0x080003c0                Vector118
                0x080003c0                Vector64
                0x080003c0                VectorCC
                0x080003c0                Vector54
                0x080003c0                Vector98
                0x080003c0                VectorD8
                0x080003c0                Vector138
                0x080003c0                Vector24
                0x080003c0                Vector178
                0x080003c0                VectorD0
                0x080003c0                Vector140
                0x080003c0                VectorE4
                0x080003c0                VectorC0
                0x080003c0                Vector158
                0x080003c0                Vector134
                0x080003c0                VectorF0
                0x080003c0                Vector13C
                0x080003c0                Vector100
                0x080003c0                VectorE0
                0x080003c0                VectorF4
                0x080003c0                MemManage_Handler
                0x080003c0                VectorA0
                0x080003c0                VectorC4
                0x080003c0                Vector180
                0x080003c0                VectorB0
                0x080003c0                Vector90
                0x080003c0                Vector164
                0x080003c0                Vector60
                0x080003c0                Vector1C
                0x080003c0                Vector17C
                0x080003c0                Vector48
                0x080003c0                Vector16C
                0x080003c0                VectorD4
                0x080003c0                Vector4C
                0x080003c0                Vector144
                0x080003c0                Vector15C
                0x080003c0                Vector68
                0x080003c0                _unhandled_exception
                0x080003c0                Vector170
                0x080003c0                Vector88
                0x080003c0                Vector184
                0x080003c0                Vector10C
                0x080003c0                BusFault_Handler
                0x080003c0                Vector50
                0x080003c0                Vector194
                0x080003c0                Vector44
                0x080003c0                Vector28
                0x080003c0                VectorB8
                0x080003c0                VectorFC
                0x080003c0                Vector34
                0x080003c0                VectorA4
                0x080003c0                Vector20
                0x080003c0                Vector18C
                0x080003c0                Vector174
 .text          0x080003d0      0x590 build/obj/chsys.o
                0x080006a0                chSysInit
                0x08000720                chSysHalt
                0x08000740                chSysIntegrityCheckI
                0x08000850                chSysTimerHandlerI
                0x08000880                chSysGetStatusAndLockX
                0x080008c0                chSysRestoreStatusX
                0x080008f0                chSysIsCounterWithinX
                0x08000920                chSysPolledDelayX
 .text          0x08000960        0x0 build/obj/chdebug.o
 .text          0x08000960       0xf0 build/obj/chvt.o
                0x08000960                _vt_init
                0x08000990                chVTDoSetI
                0x08000a10                chVTDoResetI
 .text          0x08000a50      0x470 build/obj/chschd.o
                0x08000b80                _scheduler_init
                0x08000ba0                chSchReadyI
                0x08000bf0                chSchGoSleepS
                0x08000cc0                chSchGoSleepTimeoutS
                0x08000d30                chSchWakeupS
                0x08000d80                chSchRescheduleS
                0x08000da0                chSchIsPreemptionRequired
                0x08000df0                chSchDoRescheduleBehind
                0x08000e30                chSchDoRescheduleAhead
                0x08000ea0                chSchDoReschedule
 .text          0x08000ec0      0x720 build/obj/chthreads.o
                0x08001110                _thread_init
                0x08001190                chThdCreateI
                0x080011e0                chThdCreateStatic
                0x08001220                chThdStart
                0x08001240                chThdSetPriority
                0x080012a0                chThdTerminate
                0x080012d0                chThdSleep
                0x080012f0                chThdSleepUntil
                0x08001320                chThdSleepUntilWindowed
                0x08001360                chThdYield
                0x08001370                chThdExit
                0x08001390                chThdExitS
                0x08001400                chThdWait
                0x08001450                chThdSuspendS
                0x08001480                chThdSuspendTimeoutS
                0x080014c0                chThdResumeI
                0x080014f0                chThdResumeS
                0x08001520                chThdResume
                0x08001540                chThdEnqueueTimeoutS
                0x08001580                chThdDequeueNextI
                0x080015b0                chThdDequeueAllI
 .text          0x080015e0      0x170 build/obj/chtm.o
                0x08001660                _tm_init
                0x080016a0                chTMObjectInit
                0x080016d0                chTMStartMeasurementX
                0x080016f0                chTMStopMeasurementX
                0x08001720                chTMChainMeasurementToX
 .text          0x08001750      0x1c0 build/obj/chdynamic.o
                0x08001790                chThdAddRef
                0x080017c0                chThdRelease
                0x08001850                chThdCreateFromHeap
                0x080018b0                chThdCreateFromMemoryPool
 .text          0x08001910       0xc0 build/obj/chregistry.o
                0x08001950                chRegFirstThread
                0x08001980                chRegNextThread
 .text          0x080019d0      0x3e0 build/obj/chsem.o
                0x08001ac0                chSemObjectInit
                0x08001ae0                chSemReset
                0x08001b10                chSemResetI
                0x08001b50                chSemWait
                0x08001b70                chSemWaitS
                0x08001bc0                chSemWaitTimeout
                0x08001bf0                chSemWaitTimeoutS
                0x08001c50                chSemSignal
                0x08001c90                chSemSignalI
                0x08001cd0                chSemAddCounterI
                0x08001d20                chSemSignalWait
 .text          0x08001db0      0x480 build/obj/chmtx.o
                0x08001ef0                chMtxObjectInit
                0x08001f10                chMtxLock
                0x08001f30                chMtxLockS
                0x08001ff0                chMtxTryLock
                0x08002020                chMtxTryLockS
                0x08002060                chMtxUnlock
                0x08002110                chMtxUnlockS
                0x080021b0                chMtxUnlockAll
 .text          0x08002230      0x300 build/obj/chcond.o
                0x08002350                chCondObjectInit
                0x08002370                chCondSignal
                0x080023b0                chCondSignalI
                0x080023e0                chCondBroadcast
                0x08002400                chCondBroadcastI
                0x08002440                chCondWait
                0x08002460                chCondWaitS
                0x080024b0                chCondWaitTimeout
                0x080024e0                chCondWaitTimeoutS
 .text          0x08002530      0x590 build/obj/chevents.o
                0x08002570                chEvtRegisterMaskWithFlags
                0x080025c0                chEvtUnregister
                0x08002600                chEvtGetAndClearEvents
                0x08002640                chEvtAddEvents
                0x08002680                chEvtBroadcastFlagsI
                0x080026e0                chEvtGetAndClearFlags
                0x08002710                chEvtSignal
                0x08002740                chEvtSignalI
                0x080027a0                chEvtBroadcastFlags
                0x080027d0                chEvtGetAndClearFlagsI
                0x080027f0                chEvtDispatch
                0x08002840                chEvtWaitOne
                0x080028a0                chEvtWaitAny
                0x08002900                chEvtWaitAll
                0x08002950                chEvtWaitOneTimeout
                0x080029d0                chEvtWaitAnyTimeout
                0x08002a50                chEvtWaitAllTimeout
 .text          0x08002ac0      0x1b0 build/obj/chmsg.o
                0x08002ba0                chMsgSend
                0x08002c00                chMsgWait
                0x08002c50                chMsgRelease
 .text          0x08002c70      0x410 build/obj/chmboxes.o
                0x08002ce0                chMBObjectInit
                0x08002d30                chMBReset
                0x08002d50                chMBResetI
                0x08002da0                chMBPost
                0x08002dd0                chMBPostS
                0x08002e30                chMBPostI
                0x08002e90                chMBPostAhead
                0x08002ec0                chMBPostAheadS
                0x08002f20                chMBPostAheadI
                0x08002f90                chMBFetch
                0x08002fc0                chMBFetchS
                0x08003020                chMBFetchI
 .text          0x08003080      0x570 build/obj/chqueues.o
                0x080031a0                chIQObjectInit
                0x080031f0                chIQResetI
                0x08003220                chIQPutI
                0x08003280                chIQGetTimeout
                0x08003310                chIQReadTimeout
                0x080033c0                chOQObjectInit
                0x08003410                chOQResetI
                0x08003450                chOQPutTimeout
                0x080034e0                chOQGetI
                0x08003540                chOQWriteTimeout
 .text          0x080035f0      0x100 build/obj/chmemcore.o
                0x08003630                _core_init
                0x08003660                chCoreAlloc
                0x08003680                chCoreAllocI
                0x080036d0                chCoreGetStatusX
 .text          0x080036f0      0x2a0 build/obj/chheap.o
                0x080036f0                _heap_init
                0x08003720                chHeapObjectInit
                0x08003760                chHeapAlloc
                0x08003850                chHeapFree
                0x08003920                chHeapStatus
 .text          0x08003990      0x150 build/obj/chmempools.o
                0x080039f0                chPoolObjectInit
                0x08003a10                chPoolLoadArray
                0x08003a40                chPoolAllocI
                0x08003a80                chPoolAlloc
                0x08003aa0                chPoolFreeI
                0x08003ac0                chPoolFree
 .text          0x08003ae0        0x0 build/obj/chcore.o
 .text          0x08003ae0       0xe0 build/obj/chcore_v7m.o
                0x08003b20                SVC_Handler
                0x08003b50                _port_irq_epilogue
 .text          0x08003bc0        0x0 build/obj/osal.o
 .text          0x08003bc0       0x50 build/obj/hal.o
                0x08003bd0                halInit
 .text          0x08003c10       0xc0 build/obj/st.o
                0x08003c60                stInit
                0x08003c70                stStartAlarm
                0x08003c90                stStopAlarm
                0x08003ca0                stSetAlarm
                0x08003cc0                stGetAlarm
 .text          0x08003cd0      0x9b0 build/obj/hal_buffers.o
                0x08003e10                ibqObjectInit
                0x08003e80                ibqResetI
                0x08003ec0                ibqGetEmptyBufferI
                0x08003f00                ibqPostFullBufferI
                0x08003f50                ibqGetFullBufferTimeout
                0x08003f80                ibqGetFullBufferTimeoutS
                0x08003fd0                ibqReleaseEmptyBuffer
                0x08003ff0                ibqReleaseEmptyBufferS
                0x08004040                ibqGetTimeout
                0x080040a0                ibqReadTimeout
                0x080041c0                obqObjectInit
                0x08004230                obqResetI
                0x08004270                obqGetFullBufferI
                0x080042c0                obqReleaseEmptyBufferI
                0x08004310                obqGetEmptyBufferTimeout
                0x08004340                obqGetEmptyBufferTimeoutS
                0x08004390                obqPostFullBuffer
                0x080043b0                obqPostFullBufferS
                0x08004410                obqPutTimeout
                0x08004480                obqWriteTimeout
                0x080045b0                obqTryFlushI
                0x08004640                obqFlush
 .text          0x08004680        0x0 build/obj/hal_queues.o
 .text          0x08004680      0x950 build/obj/hal_mmcsd.o
                0x08004680                _mmcsd_get_slice
                0x08004700                _mmcsd_get_capacity
                0x08004770                _mmcsd_get_capacity_ext
                0x080047a0                _mmcsd_unpack_sdc_cid
                0x080048b0                _mmcsd_unpack_mmc_cid
                0x080049d0                _mmcsd_unpack_csd_mmc
                0x08004c20                _mmcsd_unpack_csd_v10
                0x08004e00                _mmcsd_unpack_csd_v20
 .text          0x08004fd0       0x90 build/obj/pal.o
                0x08004fd0                palReadBus
                0x08004ff0                palWriteBus
                0x08005030                palSetBusMode
 .text          0x08005060      0x3a0 build/obj/rtc.o
                0x08005060                rtcInit
                0x08005070                rtcObjectInit
                0x08005080                rtcSetTime
                0x080050a0                rtcGetTime
                0x080050c0                rtcSetAlarm
                0x080050e0                rtcGetAlarm
                0x08005100                rtcConvertDateTimeToStructTm
                0x08005210                rtcConvertStructTmToDateTime
                0x080052f0                rtcConvertDateTimeToFAT
 .text          0x08005400      0xb40 build/obj/sdc.o
                0x08005a10                _sdc_wait_for_transfer_state
                0x08005a70                sdcInit
                0x08005a80                sdcObjectInit
                0x08005ab0                sdcStart
                0x08005ae0                sdcStop
                0x08005b00                sdcConnect
                0x08005cc0                sdcDisconnect
                0x08005d20                sdcRead
                0x08005d80                sdcWrite
                0x08005de0                sdcGetAndClearErrors
                0x08005e10                sdcSync
                0x08005e50                sdcGetInfo
                0x08005e80                sdcErase
 .text          0x08005f40      0x430 build/obj/serial.o
                0x080061a0                sdInit
                0x080061b0                sdObjectInit
                0x08006210                sdStart
                0x08006240                sdStop
                0x08006280                sdIncomingDataI
                0x080062e0                sdRequestDataI
                0x08006310                sdPutWouldBlock
                0x08006340                sdGetWouldBlock
 .text          0x08006370      0x3a0 build/obj/spi.o
                0x08006450                spiInit
                0x08006460                spiObjectInit
                0x08006490                spiStart
                0x080064c0                spiStop
                0x080064e0                spiSelect
                0x08006500                spiUnselect
                0x08006520                spiStartIgnore
                0x08006550                spiStartExchange
                0x08006580                spiStartSend
                0x080065b0                spiStartReceive
                0x080065e0                spiIgnore
                0x08006610                spiExchange
                0x08006650                spiSend
                0x08006690                spiReceive
                0x080066d0                spiAcquireBus
                0x080066f0                spiReleaseBus
 .text          0x08006710      0xc20 build/obj/usb.o
                0x08006c30                usbInit
                0x08006c40                usbObjectInit
                0x08006c90                usbStart
                0x08006ce0                usbStop
                0x08006d30                usbInitEndpointI
                0x08006d90                usbDisableEndpointsI
                0x08006de0                usbStartReceiveI
                0x08006e40                usbStartTransmitI
                0x08006ea0                usbStallReceiveI
                0x08006ee0                usbStallTransmitI
                0x08006f20                _usb_reset
                0x08006fa0                _usb_suspend
                0x08006fe0                _usb_wakeup
                0x08007010                _usb_ep0setup
                0x08007170                _usb_ep0in
                0x08007270                _usb_ep0out
 .text          0x08007330       0xe0 build/obj/nvic.o
                0x08007330                nvicEnableVector
                0x08007380                nvicDisableVector
                0x080073c0                nvicSetSystemHandlerPriority
                0x080073e0                nvicClearPending
 .text          0x08007410      0x2e0 build/obj/hal_lld.o
                0x080074a0                hal_lld_init
                0x08007550                stm32_clock_init
 .text          0x080076f0      0x800 build/obj/stm32_dma.o
                0x080076f0                Vector6C
                0x08007760                Vector70
                0x080077d0                Vector74
                0x08007840                Vector78
                0x080078b0                Vector7C
                0x08007920                Vector80
                0x08007990                Vector84
                0x08007a00                Vector120
                0x08007a70                Vector124
                0x08007ae0                Vector128
                0x08007b50                Vector12C
                0x08007bc0                Vector130
                0x08007c30                Vector150
                0x08007ca0                Vector154
                0x08007d10                dmaInit
                0x08007d70                dmaStreamAllocate
                0x08007e50                dmaStreamRelease
 .text          0x08007ef0       0xe0 build/obj/st_lld.o
                0x08007f80                SysTick_Handler
                0x08007fa0                st_lld_init
 .text          0x08007fd0      0x2b0 build/obj/pal_lld.o
                0x08008030                _pal_lld_init
                0x080080d0                _pal_lld_setgroupmode
 .text          0x08008280     0x1720 build/obj/usb_lld.o
                0x08008e90                Vector14C
                0x08008eb0                usb_lld_init
                0x08008ee0                usb_lld_start
                0x08009000                usb_lld_stop
                0x08009060                usb_lld_reset
                0x08009190                usb_lld_set_address
                0x080091c0                usb_lld_init_endpoint
                0x08009420                usb_lld_disable_endpoints
                0x08009440                usb_lld_get_status_out
                0x08009480                usb_lld_get_status_in
                0x080094c0                usb_lld_read_setup
                0x080094f0                usb_lld_start_out
                0x08009630                usb_lld_start_in
                0x08009790                usb_lld_stall_out
                0x080097d0                usb_lld_stall_in
                0x08009810                usb_lld_clear_out
                0x08009850                usb_lld_clear_in
                0x08009890                usb_lld_pump
 .text          0x080099a0      0x7d0 build/obj/rtc_lld.o
                0x08009da0                rtc_lld_init
                0x08009e20                rtc_lld_set_time
                0x08009e80                rtc_lld_get_time
                0x08009f40                rtc_lld_set_alarm
                0x0800a050                rtc_lld_get_alarm
                0x0800a080                rtcSTM32SetPeriodicWakeup
                0x0800a120                rtcSTM32GetPeriodicWakeup
 .text          0x0800a170      0xc80 build/obj/sdc_lld.o
                0x0800a620                Vector104
                0x0800a650                sdc_lld_init
                0x0800a680                sdc_lld_start
                0x0800a710                sdc_lld_stop
                0x0800a770                sdc_lld_start_clk
                0x0800a7b0                sdc_lld_set_data_clk
                0x0800a7d0                sdc_lld_stop_clk
                0x0800a7f0                sdc_lld_set_bus_mode
                0x0800a840                sdc_lld_send_cmd_none
                0x0800a880                sdc_lld_send_cmd_short
                0x0800a900                sdc_lld_send_cmd_short_crc
                0x0800a980                sdc_lld_send_cmd_long_crc
                0x0800aa20                sdc_lld_read_special
                0x0800aaa0                sdc_lld_read_aligned
                0x0800abb0                sdc_lld_write_aligned
                0x0800acc0                sdc_lld_read
                0x0800ad50                sdc_lld_write
                0x0800ade0                sdc_lld_sync
 .text          0x0800adf0      0x930 build/obj/spi_lld.o
                0x0800afc0                spi_lld_init
                0x0800b000                spi_lld_start
                0x0800b120                spi_lld_stop
                0x0800b180                spi_lld_select
                0x0800b1a0                spi_lld_unselect
                0x0800b1c0                spi_lld_ignore
                0x0800b2c0                spi_lld_exchange
                0x0800b3d0                spi_lld_send
                0x0800b4d0                spi_lld_receive
                0x0800b5d0                spi_lld_polled_exchange
                0x0800b640                spi_lld_polled_tx
                0x0800b6a0                spi_lld_polled_rx
 .text          0x0800b720      0x3d0 build/obj/serial_lld.o
                0x0800ba00                Vector114
                0x0800ba20                sd_lld_init
                0x0800ba60                sd_lld_start
                0x0800bab0                sd_lld_stop
 .text          0x0800baf0       0x40 build/obj/board.o
                0x0800baf0                __early_init
                0x0800bb00                sdc_lld_is_card_inserted
                0x0800bb10                sdc_lld_is_write_protected
                0x0800bb20                boardInit
 .text          0x0800bb30      0x7c0 build/obj/test.o
                0x0800bca0                test_printn
                0x0800bd30                test_print
                0x0800bd70                test_println
                0x0800bdf0                test_emit_token
                0x0800be20                _test_fail
                0x0800be50                _test_assert
                0x0800be80                _test_assert_sequence
                0x0800bee0                _test_assert_time_window
                0x0800bf10                test_terminate_threads
                0x0800bf50                test_wait_threads
                0x0800bfa0                test_wait_tick
                0x0800bfe0                test_start_timer
                0x0800c0e0                TestThread
 .text          0x0800c2f0      0x580 build/obj/testthd.o
 .text          0x0800c870      0x800 build/obj/testsem.o
 .text          0x0800d070      0xa80 build/obj/testmtx.o
 .text          0x0800daf0      0x110 build/obj/testmsg.o
 .text          0x0800dc00      0x8d0 build/obj/testmbox.o
 .text          0x0800e4d0      0x710 build/obj/testevt.o
 .text          0x0800ebe0      0x300 build/obj/testheap.o
 .text          0x0800eee0      0x150 build/obj/testpools.o
 .text          0x0800f030      0x570 build/obj/testdyn.o
 .text          0x0800f5a0      0x7f0 build/obj/testqueues.o
 .text          0x0800fd90      0x450 build/obj/testsys.o
 .text          0x080101e0      0xba0 build/obj/testbmk.o
 .text          0x08010d80      0x200 build/obj/evtimer.o
                0x08010f20                evtObjectInit
                0x08010f50                evtStart
 .text          0x08010f80      0x180 build/obj/memstreams.o
                0x080110d0                msObjectInit
 .text          0x08011100      0x5b0 build/obj/chprintf.o
                0x080111c0                chvprintf
                0x08011620                chprintf
                0x08011650                chsnprintf
 .text          0x080116b0      0x600 build/obj/shell.o
                0x08011b30                shellInit
                0x08011b40                shellExit
                0x08011b60                shellCreate
                0x08011b90                shellCreateStatic
                0x08011bc0                shellGetLine
 .text          0x08011cb0       0xf0 build/obj/syscalls.o
                0x08011cb0                _read_r
                0x08011cd0                _lseek_r
                0x08011cf0                _write_r
                0x08011d10                _open_r
                0x08011d20                _close_r
                0x08011d30                _sbrk_r
                0x08011d60                _fstat_r
                0x08011d90                _isatty_r
 .text          0x08011da0      0xc90 build/obj/main.o
                0x080122b0                checkThreshold
                0x08012910                main
 .text          0x08012a30      0x410 build/obj/emu_uart.o
                0x08012b00                EUARTInitPins
                0x08012b30                EUARTInit
                0x08012b80                EUARTPutChar
                0x08012c40                EUARTSendCommand
                0x08012c80                EUARTGetChar
 .text          0x08012e40     0x4020 build/obj/LSM303AGR_ACC_driver.o
                0x08012e40                LSM303AGR_ACC_Init
                0x08012e80                LSM303AGR_ACC_WriteReg
                0x08012ed0                LSM303AGR_ACC_ReadReg
                0x08012f20                LSM303AGR_ACC_R_WHO_AM_I
                0x08012f50                LSM303AGR_ACC_W_BlockDataUpdate
                0x08012fc0                LSM303AGR_ACC_R_BlockDataUpdate
                0x08013000                LSM303AGR_ACC_W_FullScale
                0x08013070                LSM303AGR_ACC_R_FullScale
                0x080130b0                LSM303AGR_ACC_Get_Raw_Acceleration
                0x080130e0                LSM303AGR_ACC_Get_Acceleration
                0x080132f0                LSM303AGR_ACC_W_ODR
                0x08013360                LSM303AGR_ACC_R_ODR
                0x080133a0                LSM303AGR_ACC_R_x_data_avail
                0x080133e0                LSM303AGR_ACC_R_y_data_avail
                0x08013420                LSM303AGR_ACC_R_z_data_avail
                0x08013460                LSM303AGR_ACC_R_xyz_data_avail
                0x080134a0                LSM303AGR_ACC_R_DataXOverrun
                0x080134e0                LSM303AGR_ACC_R_DataYOverrun
                0x08013520                LSM303AGR_ACC_R_DataZOverrun
                0x08013560                LSM303AGR_ACC_R_DataXYZOverrun
                0x080135a0                LSM303AGR_ACC_R_int_counter
                0x080135e0                LSM303AGR_ACC_W_TEMP_EN_bits
                0x08013650                LSM303AGR_ACC_R_TEMP_EN_bits
                0x08013690                LSM303AGR_ACC_W_ADC_PD
                0x08013700                LSM303AGR_ACC_R_ADC_PD
                0x08013740                LSM303AGR_ACC_W_XEN
                0x080137b0                LSM303AGR_ACC_R_XEN
                0x080137f0                LSM303AGR_ACC_W_YEN
                0x08013860                LSM303AGR_ACC_R_YEN
                0x080138a0                LSM303AGR_ACC_W_ZEN
                0x08013910                LSM303AGR_ACC_R_ZEN
                0x08013950                LSM303AGR_ACC_W_LOWPWR_EN
                0x080139c0                LSM303AGR_ACC_R_LOWPWR_EN
                0x08013a00                LSM303AGR_ACC_W_hpf_aoi_en_int1
                0x08013a70                LSM303AGR_ACC_R_hpf_aoi_en_int1
                0x08013ab0                LSM303AGR_ACC_W_hpf_aoi_en_int2
                0x08013b20                LSM303AGR_ACC_R_hpf_aoi_en_int2
                0x08013b60                LSM303AGR_ACC_W_hpf_click_en
                0x08013bd0                LSM303AGR_ACC_R_hpf_click_en
                0x08013c10                LSM303AGR_ACC_W_Data_Filter
                0x08013c80                LSM303AGR_ACC_R_Data_Filter
                0x08013cc0                LSM303AGR_ACC_W_hpf_cutoff_freq
                0x08013d30                LSM303AGR_ACC_R_hpf_cutoff_freq
                0x08013d70                LSM303AGR_ACC_W_hpf_mode
                0x08013de0                LSM303AGR_ACC_R_hpf_mode
                0x08013e20                LSM303AGR_ACC_W_FIFO_Overrun_on_INT1
                0x08013e90                LSM303AGR_ACC_R_FIFO_Overrun_on_INT1
                0x08013ed0                LSM303AGR_ACC_W_FIFO_Watermark_on_INT1
                0x08013f40                LSM303AGR_ACC_R_FIFO_Watermark_on_INT1
                0x08013f80                LSM303AGR_ACC_W_FIFO_DRDY2_on_INT1
                0x08013ff0                LSM303AGR_ACC_R_FIFO_DRDY2_on_INT1
                0x08014030                LSM303AGR_ACC_W_FIFO_DRDY1_on_INT1
                0x080140a0                LSM303AGR_ACC_R_FIFO_DRDY1_on_INT1
                0x080140e0                LSM303AGR_ACC_W_FIFO_AOL2_on_INT1
                0x08014150                LSM303AGR_ACC_R_FIFO_AOL2_on_INT1
                0x08014190                LSM303AGR_ACC_W_FIFO_AOL1_on_INT1
                0x08014200                LSM303AGR_ACC_R_FIFO_AOL1_on_INT1
                0x08014240                LSM303AGR_ACC_W_FIFO_Click_on_INT1
                0x080142b0                LSM303AGR_ACC_R_FIFO_Click_on_INT1
                0x080142f0                LSM303AGR_ACC_W_SPI_mode
                0x08014360                LSM303AGR_ACC_R_SPI_mode
                0x080143a0                LSM303AGR_ACC_W_SelfTest
                0x08014410                LSM303AGR_ACC_R_SelfTest
                0x08014450                LSM303AGR_ACC_W_HiRes
                0x080144c0                LSM303AGR_ACC_R_HiRes
                0x08014500                LSM303AGR_ACC_W_LittleBigEndian
                0x08014570                LSM303AGR_ACC_R_LittleBigEndian
                0x080145b0                LSM303AGR_ACC_W_4D_on_INT2
                0x08014620                LSM303AGR_ACC_R_4D_on_INT2
                0x08014660                LSM303AGR_ACC_W_LatchInterrupt_on_INT2
                0x080146d0                LSM303AGR_ACC_R_LatchInterrupt_on_INT2
                0x08014710                LSM303AGR_ACC_W_4D_on_INT1
                0x08014780                LSM303AGR_ACC_R_4D_on_INT1
                0x080147c0                LSM303AGR_ACC_W_LatchInterrupt_on_INT1
                0x08014830                LSM303AGR_ACC_R_LatchInterrupt_on_INT1
                0x08014870                LSM303AGR_ACC_W_FIFO_EN
                0x080148e0                LSM303AGR_ACC_R_FIFO_EN
                0x08014920                LSM303AGR_ACC_W_RebootMemory
                0x08014990                LSM303AGR_ACC_R_RebootMemory
                0x080149d0                LSM303AGR_ACC_W_IntActive
                0x08014a40                LSM303AGR_ACC_R_IntActive
                0x08014a80                LSM303AGR_ACC_W_P2_ACT
                0x08014af0                LSM303AGR_ACC_R_P2_ACT
                0x08014b30                LSM303AGR_ACC_W_Boot_on_INT2
                0x08014ba0                LSM303AGR_ACC_R_Boot_on_INT2
                0x08014be0                LSM303AGR_ACC_W_I2_on_INT2
                0x08014c50                LSM303AGR_ACC_R_I2_on_INT2
                0x08014c90                LSM303AGR_ACC_W_I2_on_INT1
                0x08014d00                LSM303AGR_ACC_R_I2_on_INT1
                0x08014d40                LSM303AGR_ACC_W_Click_on_INT2
                0x08014db0                LSM303AGR_ACC_R_Click_on_INT2
                0x08014df0                LSM303AGR_ACC_W_ReferenceVal
                0x08014e50                LSM303AGR_ACC_R_ReferenceVal
                0x08014e90                LSM303AGR_ACC_R_XDataAvail
                0x08014ed0                LSM303AGR_ACC_R_YDataAvail
                0x08014f10                LSM303AGR_ACC_R_ZDataAvail
                0x08014f50                LSM303AGR_ACC_R_XYZDataAvail
                0x08014f90                LSM303AGR_ACC_R_XDataOverrun
                0x08014fd0                LSM303AGR_ACC_R_YDataOverrun
                0x08015010                LSM303AGR_ACC_R_ZDataOverrun
                0x08015050                LSM303AGR_ACC_R_XYZDataOverrun
                0x08015090                LSM303AGR_ACC_W_FifoThreshold
                0x08015110                LSM303AGR_ACC_R_FifoThreshold
                0x08015150                LSM303AGR_ACC_W_TriggerSel
                0x080151c0                LSM303AGR_ACC_R_TriggerSel
                0x08015200                LSM303AGR_ACC_W_FifoMode
                0x08015270                LSM303AGR_ACC_R_FifoMode
                0x080152b0                LSM303AGR_ACC_R_FifoSamplesAvail
                0x080152f0                LSM303AGR_ACC_R_FifoEmpty
                0x08015330                LSM303AGR_ACC_R_FifoOverrun
                0x08015370                LSM303AGR_ACC_R_WatermarkLevel
                0x080153b0                LSM303AGR_ACC_W_Int1EnXLo
                0x08015420                LSM303AGR_ACC_R_Int1EnXLo
                0x08015460                LSM303AGR_ACC_W_Int1EnXHi
                0x080154d0                LSM303AGR_ACC_R_Int1EnXHi
                0x08015510                LSM303AGR_ACC_W_Int1EnYLo
                0x08015580                LSM303AGR_ACC_R_Int1EnYLo
                0x080155c0                LSM303AGR_ACC_W_Int1EnYHi
                0x08015630                LSM303AGR_ACC_R_Int1EnYHi
                0x08015670                LSM303AGR_ACC_W_Int1EnZLo
                0x080156e0                LSM303AGR_ACC_R_Int1EnZLo
                0x08015720                LSM303AGR_ACC_W_Int1EnZHi
                0x08015790                LSM303AGR_ACC_R_Int1EnZHi
                0x080157d0                LSM303AGR_ACC_W_Int1_6D
                0x08015840                LSM303AGR_ACC_R_Int1_6D
                0x08015880                LSM303AGR_ACC_W_Int1_AOI
                0x080158f0                LSM303AGR_ACC_R_Int1_AOI
                0x08015930                LSM303AGR_ACC_W_Int2EnXLo
                0x080159a0                LSM303AGR_ACC_R_Int2EnXLo
                0x080159e0                LSM303AGR_ACC_W_Int2EnXHi
                0x08015a50                LSM303AGR_ACC_R_Int2EnXHi
                0x08015a90                LSM303AGR_ACC_W_Int2EnYLo
                0x08015b00                LSM303AGR_ACC_R_Int2EnYLo
                0x08015b40                LSM303AGR_ACC_W_Int2EnYHi
                0x08015bb0                LSM303AGR_ACC_R_Int2EnYHi
                0x08015bf0                LSM303AGR_ACC_W_Int2EnZLo
                0x08015c60                LSM303AGR_ACC_R_Int2EnZLo
                0x08015ca0                LSM303AGR_ACC_W_Int2EnZHi
                0x08015d10                LSM303AGR_ACC_R_Int2EnZHi
                0x08015d50                LSM303AGR_ACC_W_Int2_6D
                0x08015dc0                LSM303AGR_ACC_R_Int2_6D
                0x08015e00                LSM303AGR_ACC_W_Int2_AOI
                0x08015e70                LSM303AGR_ACC_R_Int2_AOI
                0x08015eb0                LSM303AGR_ACC_R_Int1_Xlo
                0x08015ef0                LSM303AGR_ACC_R_Int1_XHi
                0x08015f30                LSM303AGR_ACC_R_Int1_YLo
                0x08015f70                LSM303AGR_ACC_R_Int1_YHi
                0x08015fb0                LSM303AGR_ACC_R_Int1_Zlo
                0x08015ff0                LSM303AGR_ACC_R_Int1_ZHi
                0x08016030                LSM303AGR_ACC_R_Int1_IA
                0x08016070                LSM303AGR_ACC_R_Int2_Xlo
                0x080160b0                LSM303AGR_ACC_R_Int2_XHi
                0x080160f0                LSM303AGR_ACC_R_Int2_YLo
                0x08016130                LSM303AGR_ACC_R_Int2_YHi
                0x08016170                LSM303AGR_ACC_R_Int2_Zlo
                0x080161b0                LSM303AGR_ACC_R_Int2_ZHi
                0x080161f0                LSM303AGR_ACC_R_Int2_IA
                0x08016230                LSM303AGR_ACC_W_Int1_Threshold
                0x080162b0                LSM303AGR_ACC_R_Int1_Threshold
                0x080162f0                LSM303AGR_ACC_W_Int2_Threshold
                0x08016370                LSM303AGR_ACC_R_Int2_Threshold
                0x080163b0                LSM303AGR_ACC_W_Int1_Duration
                0x08016430                LSM303AGR_ACC_R_Int1_Duration
                0x08016470                LSM303AGR_ACC_W_Int2_Duration
                0x080164f0                LSM303AGR_ACC_R_Int2_Duration
                0x08016530                LSM303AGR_ACC_W_XSingle
                0x080165a0                LSM303AGR_ACC_R_XSingle
                0x080165e0                LSM303AGR_ACC_W_XDouble
                0x08016650                LSM303AGR_ACC_R_XDouble
                0x08016690                LSM303AGR_ACC_W_YSingle
                0x08016700                LSM303AGR_ACC_R_YSingle
                0x08016740                LSM303AGR_ACC_W_YDouble
                0x080167b0                LSM303AGR_ACC_R_YDouble
                0x080167f0                LSM303AGR_ACC_W_ZSingle
                0x08016860                LSM303AGR_ACC_R_ZSingle
                0x080168a0                LSM303AGR_ACC_W_ZDouble
                0x08016910                LSM303AGR_ACC_R_ZDouble
                0x08016950                LSM303AGR_ACC_R_ClickX
                0x08016990                LSM303AGR_ACC_R_ClickY
                0x080169d0                LSM303AGR_ACC_R_ClickZ
                0x08016a10                LSM303AGR_ACC_R_ClickSign
                0x08016a50                LSM303AGR_ACC_R_SingleCLICK
                0x08016a90                LSM303AGR_ACC_R_DoubleCLICK
                0x08016ad0                LSM303AGR_ACC_R_CLICK_IA
                0x08016b10                LSM303AGR_ACC_W_ClickThreshold
                0x08016b90                LSM303AGR_ACC_R_ClickThreshold
                0x08016bd0                LSM303AGR_ACC_W_ClickTimeLimit
                0x08016c50                LSM303AGR_ACC_R_ClickTimeLimit
                0x08016c90                LSM303AGR_ACC_W_ClickTimeLatency
                0x08016cf0                LSM303AGR_ACC_R_ClickTimeLatency
                0x08016d30                LSM303AGR_ACC_W_ClickTimeWindow
                0x08016d90                LSM303AGR_ACC_R_ClickTimeWindow
                0x08016dd0                LSM303AGR_ACC_Get_Voltage_ADC
 .text          0x08016e60      0x1a0 build/obj/SensorTile.o
                0x08016e60                Sensor_IO_SPI_Write
                0x08016f20                Sensor_IO_SPI_Read
 .text          0x08017000       0x38 /nfs/nfs5/home/research/hardware/arm2/gcc-arm-embedded/gcc-arm-none-eabi-4_8-2014q2/bin/../lib/gcc/arm-none-eabi/4.8.4/armv7e-m/libgcc.a(_aeabi_ldivmod.o)
                0x08017000                __aeabi_ldivmod
 *fill*         0x08017038        0x8 
 .text          0x08017040       0x60 /nfs/nfs5/home/research/hardware/arm2/gcc-arm-embedded/gcc-arm-none-eabi-4_8-2014q2/bin/../lib/gcc/arm-none-eabi/4.8.4/armv7e-m/libgcc.a(bpabi.o)
                0x08017040                __gnu_ldivmod_helper
                0x08017070                __gnu_uldivmod_helper
 .text          0x080170a0        0x4 /nfs/nfs5/home/research/hardware/arm2/gcc-arm-embedded/gcc-arm-none-eabi-4_8-2014q2/bin/../lib/gcc/arm-none-eabi/4.8.4/armv7e-m/libgcc.a(_dvmd_tls.o)
                0x080170a0                __aeabi_ldiv0
                0x080170a0                __aeabi_idiv0
 *fill*         0x080170a4        0xc 
 .text          0x080170b0      0x298 /nfs/nfs5/home/research/hardware/arm2/gcc-arm-embedded/gcc-arm-none-eabi-4_8-2014q2/bin/../lib/gcc/arm-none-eabi/4.8.4/armv7e-m/libgcc.a(_divdi3.o)
                0x080170b0                __divdi3
 *fill*         0x08017348        0x8 
 .text          0x08017350      0x284 /nfs/nfs5/home/research/hardware/arm2/gcc-arm-embedded/gcc-arm-none-eabi-4_8-2014q2/bin/../lib/gcc/arm-none-eabi/4.8.4/armv7e-m/libgcc.a(_udivdi3.o)
                0x08017350                __udivdi3
 *fill*         0x080175d4        0xc 
 .text          0x080175e0        0x0 /nfs/nfs5/home/research/hardware/arm2/gcc-arm-embedded/gcc-arm-none-eabi-4_8-2014q2/bin/../lib/gcc/arm-none-eabi/4.8.4/../../../../arm-none-eabi/lib/armv7e-m/libg.a(lib_a-atoi.o)
 .text          0x080175e0      0x134 /nfs/nfs5/home/research/hardware/arm2/gcc-arm-embedded/gcc-arm-none-eabi-4_8-2014q2/bin/../lib/gcc/arm-none-eabi/4.8.4/../../../../arm-none-eabi/lib/armv7e-m/libg.a(lib_a-memcpy.o)
                0x080175e0                memcpy
 *fill*         0x08017714        0xc 
 .text          0x08017720        0x0 /nfs/nfs5/home/research/hardware/arm2/gcc-arm-embedded/gcc-arm-none-eabi-4_8-2014q2/bin/../lib/gcc/arm-none-eabi/4.8.4/../../../../arm-none-eabi/lib/armv7e-m/libg.a(lib_a-memset.o)
 .text          0x08017720        0x0 /nfs/nfs5/home/research/hardware/arm2/gcc-arm-embedded/gcc-arm-none-eabi-4_8-2014q2/bin/../lib/gcc/arm-none-eabi/4.8.4/../../../../arm-none-eabi/lib/armv7e-m/libg.a(lib_a-strcat.o)
 .text          0x08017720      0x21c /nfs/nfs5/home/research/hardware/arm2/gcc-arm-embedded/gcc-arm-none-eabi-4_8-2014q2/bin/../lib/gcc/arm-none-eabi/4.8.4/../../../../arm-none-eabi/lib/armv7e-m/libg.a(lib_a-strcmp.o)
                0x08017720                strcmp
 *fill*         0x0801793c        0x4 
 .text          0x08017940        0x0 /nfs/nfs5/home/research/hardware/arm2/gcc-arm-embedded/gcc-arm-none-eabi-4_8-2014q2/bin/../lib/gcc/arm-none-eabi/4.8.4/../../../../arm-none-eabi/lib/armv7e-m/libg.a(lib_a-strcpy.o)
 .text          0x08017940        0x0 /nfs/nfs5/home/research/hardware/arm2/gcc-arm-embedded/gcc-arm-none-eabi-4_8-2014q2/bin/../lib/gcc/arm-none-eabi/4.8.4/../../../../arm-none-eabi/lib/armv7e-m/libg.a(lib_a-strftime.o)
 .text          0x08017940        0x0 /nfs/nfs5/home/research/hardware/arm2/gcc-arm-embedded/gcc-arm-none-eabi-4_8-2014q2/bin/../lib/gcc/arm-none-eabi/4.8.4/../../../../arm-none-eabi/lib/armv7e-m/libg.a(lib_a-strlen.o)
 .text          0x08017940        0x0 /nfs/nfs5/home/research/hardware/arm2/gcc-arm-embedded/gcc-arm-none-eabi-4_8-2014q2/bin/../lib/gcc/arm-none-eabi/4.8.4/../../../../arm-none-eabi/lib/armv7e-m/libg.a(lib_a-strpbrk.o)
 .text          0x08017940        0x0 /nfs/nfs5/home/research/hardware/arm2/gcc-arm-embedded/gcc-arm-none-eabi-4_8-2014q2/bin/../lib/gcc/arm-none-eabi/4.8.4/../../../../arm-none-eabi/lib/armv7e-m/libg.a(lib_a-strspn.o)
 .text          0x08017940        0x0 /nfs/nfs5/home/research/hardware/arm2/gcc-arm-embedded/gcc-arm-none-eabi-4_8-2014q2/bin/../lib/gcc/arm-none-eabi/4.8.4/../../../../arm-none-eabi/lib/armv7e-m/libg.a(lib_a-strtok.o)
 .text          0x08017940        0x0 /nfs/nfs5/home/research/hardware/arm2/gcc-arm-embedded/gcc-arm-none-eabi-4_8-2014q2/bin/../lib/gcc/arm-none-eabi/4.8.4/../../../../arm-none-eabi/lib/armv7e-m/libg.a(lib_a-strtok_r.o)
 .text          0x08017940        0x0 /nfs/nfs5/home/research/hardware/arm2/gcc-arm-embedded/gcc-arm-none-eabi-4_8-2014q2/bin/../lib/gcc/arm-none-eabi/4.8.4/../../../../arm-none-eabi/lib/armv7e-m/libg.a(lib_a-strtol.o)
 .text          0x08017940        0x0 /nfs/nfs5/home/research/hardware/arm2/gcc-arm-embedded/gcc-arm-none-eabi-4_8-2014q2/bin/../lib/gcc/arm-none-eabi/4.8.4/../../../../arm-none-eabi/lib/armv7e-m/libg.a(lib_a-strtoul.o)
 .text          0x08017940        0x0 /nfs/nfs5/home/research/hardware/arm2/gcc-arm-embedded/gcc-arm-none-eabi-4_8-2014q2/bin/../lib/gcc/arm-none-eabi/4.8.4/../../../../arm-none-eabi/lib/armv7e-m/libg.a(lib_a-timelocal.o)
 .text          0x08017940        0x0 /nfs/nfs5/home/research/hardware/arm2/gcc-arm-embedded/gcc-arm-none-eabi-4_8-2014q2/bin/../lib/gcc/arm-none-eabi/4.8.4/../../../../arm-none-eabi/lib/armv7e-m/libg.a(lib_a-tzlock.o)
 .text          0x08017940        0x0 /nfs/nfs5/home/research/hardware/arm2/gcc-arm-embedded/gcc-arm-none-eabi-4_8-2014q2/bin/../lib/gcc/arm-none-eabi/4.8.4/../../../../arm-none-eabi/lib/armv7e-m/libg.a(lib_a-tzvars.o)
 .text          0x08017940        0x0 /nfs/nfs5/home/research/hardware/arm2/gcc-arm-embedded/gcc-arm-none-eabi-4_8-2014q2/bin/../lib/gcc/arm-none-eabi/4.8.4/../../../../arm-none-eabi/lib/armv7e-m/libg.a(lib_a-abs.o)
 .text          0x08017940        0x0 /nfs/nfs5/home/research/hardware/arm2/gcc-arm-embedded/gcc-arm-none-eabi-4_8-2014q2/bin/../lib/gcc/arm-none-eabi/4.8.4/../../../../arm-none-eabi/lib/armv7e-m/libg.a(lib_a-ctype_.o)
 .text          0x08017940        0x0 /nfs/nfs5/home/research/hardware/arm2/gcc-arm-embedded/gcc-arm-none-eabi-4_8-2014q2/bin/../lib/gcc/arm-none-eabi/4.8.4/../../../../arm-none-eabi/lib/armv7e-m/libg.a(lib_a-gettzinfo.o)
 .text          0x08017940        0x0 /nfs/nfs5/home/research/hardware/arm2/gcc-arm-embedded/gcc-arm-none-eabi-4_8-2014q2/bin/../lib/gcc/arm-none-eabi/4.8.4/../../../../arm-none-eabi/lib/armv7e-m/libg.a(lib_a-impure.o)
 .text          0x08017940        0x0 /nfs/nfs5/home/research/hardware/arm2/gcc-arm-embedded/gcc-arm-none-eabi-4_8-2014q2/bin/../lib/gcc/arm-none-eabi/4.8.4/../../../../arm-none-eabi/lib/armv7e-m/libg.a(lib_a-labs.o)
 .text          0x08017940        0x0 /nfs/nfs5/home/research/hardware/arm2/gcc-arm-embedded/gcc-arm-none-eabi-4_8-2014q2/bin/../lib/gcc/arm-none-eabi/4.8.4/../../../../arm-none-eabi/lib/armv7e-m/libg.a(lib_a-ldpart.o)
 .text          0x08017940        0x0 /nfs/nfs5/home/research/hardware/arm2/gcc-arm-embedded/gcc-arm-none-eabi-4_8-2014q2/bin/../lib/gcc/arm-none-eabi/4.8.4/../../../../arm-none-eabi/lib/armv7e-m/libg.a(lib_a-locale.o)
 .text          0x08017940        0x0 /nfs/nfs5/home/research/hardware/arm2/gcc-arm-embedded/gcc-arm-none-eabi-4_8-2014q2/bin/../lib/gcc/arm-none-eabi/4.8.4/../../../../arm-none-eabi/lib/armv7e-m/libg.a(lib_a-malloc.o)
 .text          0x08017940        0x0 /nfs/nfs5/home/research/hardware/arm2/gcc-arm-embedded/gcc-arm-none-eabi-4_8-2014q2/bin/../lib/gcc/arm-none-eabi/4.8.4/../../../../arm-none-eabi/lib/armv7e-m/libg.a(lib_a-mallocr.o)
 .text          0x08017940        0x0 /nfs/nfs5/home/research/hardware/arm2/gcc-arm-embedded/gcc-arm-none-eabi-4_8-2014q2/bin/../lib/gcc/arm-none-eabi/4.8.4/../../../../arm-none-eabi/lib/armv7e-m/libg.a(lib_a-mlock.o)
 .text          0x08017940        0x0 /nfs/nfs5/home/research/hardware/arm2/gcc-arm-embedded/gcc-arm-none-eabi-4_8-2014q2/bin/../lib/gcc/arm-none-eabi/4.8.4/../../../../arm-none-eabi/lib/armv7e-m/libg.a(lib_a-realloc.o)
 .text          0x08017940        0x0 /nfs/nfs5/home/research/hardware/arm2/gcc-arm-embedded/gcc-arm-none-eabi-4_8-2014q2/bin/../lib/gcc/arm-none-eabi/4.8.4/../../../../arm-none-eabi/lib/armv7e-m/libg.a(lib_a-reallocr.o)
 .text          0x08017940        0x0 /nfs/nfs5/home/research/hardware/arm2/gcc-arm-embedded/gcc-arm-none-eabi-4_8-2014q2/bin/../lib/gcc/arm-none-eabi/4.8.4/../../../../arm-none-eabi/lib/armv7e-m/libg.a(lib_a-sniprintf.o)
 .text          0x08017940        0x0 /nfs/nfs5/home/research/hardware/arm2/gcc-arm-embedded/gcc-arm-none-eabi-4_8-2014q2/bin/../lib/gcc/arm-none-eabi/4.8.4/../../../../arm-none-eabi/lib/armv7e-m/libg.a(lib_a-strchr.o)
 .text          0x08017940        0x0 /nfs/nfs5/home/research/hardware/arm2/gcc-arm-embedded/gcc-arm-none-eabi-4_8-2014q2/bin/../lib/gcc/arm-none-eabi/4.8.4/../../../../arm-none-eabi/lib/armv7e-m/libg.a(lib_a-svfiprintf.o)
 .text          0x08017940        0x0 /nfs/nfs5/home/research/hardware/arm2/gcc-arm-embedded/gcc-arm-none-eabi-4_8-2014q2/bin/../lib/gcc/arm-none-eabi/4.8.4/../../../../arm-none-eabi/lib/armv7e-m/libg.a(lib_a-sysclose.o)
 .text          0x08017940        0x0 /nfs/nfs5/home/research/hardware/arm2/gcc-arm-embedded/gcc-arm-none-eabi-4_8-2014q2/bin/../lib/gcc/arm-none-eabi/4.8.4/../../../../arm-none-eabi/lib/armv7e-m/libg.a(lib_a-sysfstat.o)
 .text          0x08017940        0x0 /nfs/nfs5/home/research/hardware/arm2/gcc-arm-embedded/gcc-arm-none-eabi-4_8-2014q2/bin/../lib/gcc/arm-none-eabi/4.8.4/../../../../arm-none-eabi/lib/armv7e-m/libg.a(lib_a-sysopen.o)
 .text          0x08017940        0x0 /nfs/nfs5/home/research/hardware/arm2/gcc-arm-embedded/gcc-arm-none-eabi-4_8-2014q2/bin/../lib/gcc/arm-none-eabi/4.8.4/../../../../arm-none-eabi/lib/armv7e-m/libg.a(lib_a-sysread.o)
 .text          0x08017940        0x0 /nfs/nfs5/home/research/hardware/arm2/gcc-arm-embedded/gcc-arm-none-eabi-4_8-2014q2/bin/../lib/gcc/arm-none-eabi/4.8.4/../../../../arm-none-eabi/lib/armv7e-m/libg.a(lib_a-freer.o)
 .text          0x08017940        0x0 /nfs/nfs5/home/research/hardware/arm2/gcc-arm-embedded/gcc-arm-none-eabi-4_8-2014q2/bin/../lib/gcc/arm-none-eabi/4.8.4/../../../../arm-none-eabi/lib/armv7e-m/libg.a(lib_a-memchr-stub.o)
 .text          0x08017940        0x0 /nfs/nfs5/home/research/hardware/arm2/gcc-arm-embedded/gcc-arm-none-eabi-4_8-2014q2/bin/../lib/gcc/arm-none-eabi/4.8.4/../../../../arm-none-eabi/lib/armv7e-m/libg.a(lib_a-memmove.o)
 .text          0x08017940       0x2c /nfs/nfs5/home/research/hardware/arm2/gcc-arm-embedded/gcc-arm-none-eabi-4_8-2014q2/bin/../lib/gcc/arm-none-eabi/4.8.4/armv7e-m/libgcc.a(_aeabi_uldivmod.o)
                0x08017940                __aeabi_uldivmod
 *(.text.*)
 *fill*         0x0801796c        0x4 
 .text.atoi     0x08017970        0x8 /nfs/nfs5/home/research/hardware/arm2/gcc-arm-embedded/gcc-arm-none-eabi-4_8-2014q2/bin/../lib/gcc/arm-none-eabi/4.8.4/../../../../arm-none-eabi/lib/armv7e-m/libg.a(lib_a-atoi.o)
                0x08017970                atoi
 *fill*         0x08017978        0x8 
 .text._atoi_r  0x08017980        0x8 /nfs/nfs5/home/research/hardware/arm2/gcc-arm-embedded/gcc-arm-none-eabi-4_8-2014q2/bin/../lib/gcc/arm-none-eabi/4.8.4/../../../../arm-none-eabi/lib/armv7e-m/libg.a(lib_a-atoi.o)
                0x08017980                _atoi_r
 *fill*         0x08017988        0x8 
 .text.memset   0x08017990       0x94 /nfs/nfs5/home/research/hardware/arm2/gcc-arm-embedded/gcc-arm-none-eabi-4_8-2014q2/bin/../lib/gcc/arm-none-eabi/4.8.4/../../../../arm-none-eabi/lib/armv7e-m/libg.a(lib_a-memset.o)
                0x08017990                memset
 *fill*         0x08017a24        0xc 
 .text.strcat   0x08017a30       0x4c /nfs/nfs5/home/research/hardware/arm2/gcc-arm-embedded/gcc-arm-none-eabi-4_8-2014q2/bin/../lib/gcc/arm-none-eabi/4.8.4/../../../../arm-none-eabi/lib/armv7e-m/libg.a(lib_a-strcat.o)
                0x08017a30                strcat
 *fill*         0x08017a7c        0x4 
 .text.strcpy   0x08017a80       0xbc /nfs/nfs5/home/research/hardware/arm2/gcc-arm-embedded/gcc-arm-none-eabi-4_8-2014q2/bin/../lib/gcc/arm-none-eabi/4.8.4/../../../../arm-none-eabi/lib/armv7e-m/libg.a(lib_a-strcpy.o)
                0x08017a80                strcpy
 *fill*         0x08017b3c        0x4 
 .text.iso_year_adjust
                0x08017b40       0xe8 /nfs/nfs5/home/research/hardware/arm2/gcc-arm-embedded/gcc-arm-none-eabi-4_8-2014q2/bin/../lib/gcc/arm-none-eabi/4.8.4/../../../../arm-none-eabi/lib/armv7e-m/libg.a(lib_a-strftime.o)
 *fill*         0x08017c28        0x8 
 .text.strftime
                0x08017c30      0xad8 /nfs/nfs5/home/research/hardware/arm2/gcc-arm-embedded/gcc-arm-none-eabi-4_8-2014q2/bin/../lib/gcc/arm-none-eabi/4.8.4/../../../../arm-none-eabi/lib/armv7e-m/libg.a(lib_a-strftime.o)
                0x08017c30                strftime
 *fill*         0x08018708        0x8 
 .text.strlen   0x08018710       0x60 /nfs/nfs5/home/research/hardware/arm2/gcc-arm-embedded/gcc-arm-none-eabi-4_8-2014q2/bin/../lib/gcc/arm-none-eabi/4.8.4/../../../../arm-none-eabi/lib/armv7e-m/libg.a(lib_a-strlen.o)
                0x08018710                strlen
 .text.strpbrk  0x08018770       0x50 /nfs/nfs5/home/research/hardware/arm2/gcc-arm-embedded/gcc-arm-none-eabi-4_8-2014q2/bin/../lib/gcc/arm-none-eabi/4.8.4/../../../../arm-none-eabi/lib/armv7e-m/libg.a(lib_a-strpbrk.o)
                0x08018770                strpbrk
 .text.strspn   0x080187c0       0x40 /nfs/nfs5/home/research/hardware/arm2/gcc-arm-embedded/gcc-arm-none-eabi-4_8-2014q2/bin/../lib/gcc/arm-none-eabi/4.8.4/../../../../arm-none-eabi/lib/armv7e-m/libg.a(lib_a-strspn.o)
                0x080187c0                strspn
 .text.strtok   0x08018800       0x10 /nfs/nfs5/home/research/hardware/arm2/gcc-arm-embedded/gcc-arm-none-eabi-4_8-2014q2/bin/../lib/gcc/arm-none-eabi/4.8.4/../../../../arm-none-eabi/lib/armv7e-m/libg.a(lib_a-strtok.o)
                0x08018800                strtok
 .text.__strtok_r
                0x08018810       0x64 /nfs/nfs5/home/research/hardware/arm2/gcc-arm-embedded/gcc-arm-none-eabi-4_8-2014q2/bin/../lib/gcc/arm-none-eabi/4.8.4/../../../../arm-none-eabi/lib/armv7e-m/libg.a(lib_a-strtok_r.o)
                0x08018810                __strtok_r
 *fill*         0x08018874        0xc 
 .text.strtok_r
                0x08018880        0x8 /nfs/nfs5/home/research/hardware/arm2/gcc-arm-embedded/gcc-arm-none-eabi-4_8-2014q2/bin/../lib/gcc/arm-none-eabi/4.8.4/../../../../arm-none-eabi/lib/armv7e-m/libg.a(lib_a-strtok_r.o)
                0x08018880                strtok_r
 *fill*         0x08018888        0x8 
 .text._strtol_r
                0x08018890      0x114 /nfs/nfs5/home/research/hardware/arm2/gcc-arm-embedded/gcc-arm-none-eabi-4_8-2014q2/bin/../lib/gcc/arm-none-eabi/4.8.4/../../../../arm-none-eabi/lib/armv7e-m/libg.a(lib_a-strtol.o)
                0x08018890                _strtol_r
 *fill*         0x080189a4        0xc 
 .text.strtol   0x080189b0       0x18 /nfs/nfs5/home/research/hardware/arm2/gcc-arm-embedded/gcc-arm-none-eabi-4_8-2014q2/bin/../lib/gcc/arm-none-eabi/4.8.4/../../../../arm-none-eabi/lib/armv7e-m/libg.a(lib_a-strtol.o)
                0x080189b0                strtol
 *fill*         0x080189c8        0x8 
 .text._strtoul_r
                0x080189d0      0x120 /nfs/nfs5/home/research/hardware/arm2/gcc-arm-embedded/gcc-arm-none-eabi-4_8-2014q2/bin/../lib/gcc/arm-none-eabi/4.8.4/../../../../arm-none-eabi/lib/armv7e-m/libg.a(lib_a-strtoul.o)
                0x080189d0                _strtoul_r
 .text.strtoul  0x08018af0       0x18 /nfs/nfs5/home/research/hardware/arm2/gcc-arm-embedded/gcc-arm-none-eabi-4_8-2014q2/bin/../lib/gcc/arm-none-eabi/4.8.4/../../../../arm-none-eabi/lib/armv7e-m/libg.a(lib_a-strtoul.o)
                0x08018af0                strtoul
 *fill*         0x08018b08        0x8 
 .text.__get_current_time_locale
                0x08018b10       0x20 /nfs/nfs5/home/research/hardware/arm2/gcc-arm-embedded/gcc-arm-none-eabi-4_8-2014q2/bin/../lib/gcc/arm-none-eabi/4.8.4/../../../../arm-none-eabi/lib/armv7e-m/libg.a(lib_a-timelocal.o)
                0x08018b10                __get_current_time_locale
 .text.__time_load_locale
                0x08018b30       0x30 /nfs/nfs5/home/research/hardware/arm2/gcc-arm-embedded/gcc-arm-none-eabi-4_8-2014q2/bin/../lib/gcc/arm-none-eabi/4.8.4/../../../../arm-none-eabi/lib/armv7e-m/libg.a(lib_a-timelocal.o)
                0x08018b30                __time_load_locale
 .text.__tz_lock
                0x08018b60        0x4 /nfs/nfs5/home/research/hardware/arm2/gcc-arm-embedded/gcc-arm-none-eabi-4_8-2014q2/bin/../lib/gcc/arm-none-eabi/4.8.4/../../../../arm-none-eabi/lib/armv7e-m/libg.a(lib_a-tzlock.o)
                0x08018b60                __tz_lock
 *fill*         0x08018b64        0xc 
 .text.__tz_unlock
                0x08018b70        0x4 /nfs/nfs5/home/research/hardware/arm2/gcc-arm-embedded/gcc-arm-none-eabi-4_8-2014q2/bin/../lib/gcc/arm-none-eabi/4.8.4/../../../../arm-none-eabi/lib/armv7e-m/libg.a(lib_a-tzlock.o)
                0x08018b70                __tz_unlock
 *fill*         0x08018b74        0xc 
 .text.abs      0x08018b80        0x8 /nfs/nfs5/home/research/hardware/arm2/gcc-arm-embedded/gcc-arm-none-eabi-4_8-2014q2/bin/../lib/gcc/arm-none-eabi/4.8.4/../../../../arm-none-eabi/lib/armv7e-m/libg.a(lib_a-abs.o)
                0x08018b80                abs
 *fill*         0x08018b88        0x8 
 .text.__gettzinfo
                0x08018b90        0x8 /nfs/nfs5/home/research/hardware/arm2/gcc-arm-embedded/gcc-arm-none-eabi-4_8-2014q2/bin/../lib/gcc/arm-none-eabi/4.8.4/../../../../arm-none-eabi/lib/armv7e-m/libg.a(lib_a-gettzinfo.o)
                0x08018b90                __gettzinfo
 *fill*         0x08018b98        0x8 
 .text.labs     0x08018ba0        0x8 /nfs/nfs5/home/research/hardware/arm2/gcc-arm-embedded/gcc-arm-none-eabi-4_8-2014q2/bin/../lib/gcc/arm-none-eabi/4.8.4/../../../../arm-none-eabi/lib/armv7e-m/libg.a(lib_a-labs.o)
                0x08018ba0                labs
 *fill*         0x08018ba8        0x8 
 .text.__part_load_locale
                0x08018bb0      0x1d8 /nfs/nfs5/home/research/hardware/arm2/gcc-arm-embedded/gcc-arm-none-eabi-4_8-2014q2/bin/../lib/gcc/arm-none-eabi/4.8.4/../../../../arm-none-eabi/lib/armv7e-m/libg.a(lib_a-ldpart.o)
                0x08018bb0                __part_load_locale
 *fill*         0x08018d88        0x8 
 .text._setlocale_r
                0x08018d90       0x40 /nfs/nfs5/home/research/hardware/arm2/gcc-arm-embedded/gcc-arm-none-eabi-4_8-2014q2/bin/../lib/gcc/arm-none-eabi/4.8.4/../../../../arm-none-eabi/lib/armv7e-m/libg.a(lib_a-locale.o)
                0x08018d90                _setlocale_r
 .text.__locale_charset
                0x08018dd0        0x8 /nfs/nfs5/home/research/hardware/arm2/gcc-arm-embedded/gcc-arm-none-eabi-4_8-2014q2/bin/../lib/gcc/arm-none-eabi/4.8.4/../../../../arm-none-eabi/lib/armv7e-m/libg.a(lib_a-locale.o)
                0x08018dd0                __locale_charset
 *fill*         0x08018dd8        0x8 
 .text.__locale_mb_cur_max
                0x08018de0        0xc /nfs/nfs5/home/research/hardware/arm2/gcc-arm-embedded/gcc-arm-none-eabi-4_8-2014q2/bin/../lib/gcc/arm-none-eabi/4.8.4/../../../../arm-none-eabi/lib/armv7e-m/libg.a(lib_a-locale.o)
                0x08018de0                __locale_mb_cur_max
 *fill*         0x08018dec        0x4 
 .text.__locale_msgcharset
                0x08018df0        0x8 /nfs/nfs5/home/research/hardware/arm2/gcc-arm-embedded/gcc-arm-none-eabi-4_8-2014q2/bin/../lib/gcc/arm-none-eabi/4.8.4/../../../../arm-none-eabi/lib/armv7e-m/libg.a(lib_a-locale.o)
                0x08018df0                __locale_msgcharset
 *fill*         0x08018df8        0x8 
 .text.__locale_cjk_lang
                0x08018e00        0x4 /nfs/nfs5/home/research/hardware/arm2/gcc-arm-embedded/gcc-arm-none-eabi-4_8-2014q2/bin/../lib/gcc/arm-none-eabi/4.8.4/../../../../arm-none-eabi/lib/armv7e-m/libg.a(lib_a-locale.o)
                0x08018e00                __locale_cjk_lang
 *fill*         0x08018e04        0xc 
 .text._localeconv_r
                0x08018e10        0x8 /nfs/nfs5/home/research/hardware/arm2/gcc-arm-embedded/gcc-arm-none-eabi-4_8-2014q2/bin/../lib/gcc/arm-none-eabi/4.8.4/../../../../arm-none-eabi/lib/armv7e-m/libg.a(lib_a-locale.o)
                0x08018e10                _localeconv_r
 *fill*         0x08018e18        0x8 
 .text.setlocale
                0x08018e20       0x10 /nfs/nfs5/home/research/hardware/arm2/gcc-arm-embedded/gcc-arm-none-eabi-4_8-2014q2/bin/../lib/gcc/arm-none-eabi/4.8.4/../../../../arm-none-eabi/lib/armv7e-m/libg.a(lib_a-locale.o)
                0x08018e20                setlocale
 .text.localeconv
                0x08018e30        0x8 /nfs/nfs5/home/research/hardware/arm2/gcc-arm-embedded/gcc-arm-none-eabi-4_8-2014q2/bin/../lib/gcc/arm-none-eabi/4.8.4/../../../../arm-none-eabi/lib/armv7e-m/libg.a(lib_a-locale.o)
                0x08018e30                localeconv
 *fill*         0x08018e38        0x8 
 .text.malloc   0x08018e40       0x10 /nfs/nfs5/home/research/hardware/arm2/gcc-arm-embedded/gcc-arm-none-eabi-4_8-2014q2/bin/../lib/gcc/arm-none-eabi/4.8.4/../../../../arm-none-eabi/lib/armv7e-m/libg.a(lib_a-malloc.o)
                0x08018e40                malloc
 .text.free     0x08018e50       0x10 /nfs/nfs5/home/research/hardware/arm2/gcc-arm-embedded/gcc-arm-none-eabi-4_8-2014q2/bin/../lib/gcc/arm-none-eabi/4.8.4/../../../../arm-none-eabi/lib/armv7e-m/libg.a(lib_a-malloc.o)
                0x08018e50                free
 .text._malloc_r
                0x08018e60      0x538 /nfs/nfs5/home/research/hardware/arm2/gcc-arm-embedded/gcc-arm-none-eabi-4_8-2014q2/bin/../lib/gcc/arm-none-eabi/4.8.4/../../../../arm-none-eabi/lib/armv7e-m/libg.a(lib_a-mallocr.o)
                0x08018e60                _malloc_r
 *fill*         0x08019398        0x8 
 .text.__malloc_lock
                0x080193a0        0x4 /nfs/nfs5/home/research/hardware/arm2/gcc-arm-embedded/gcc-arm-none-eabi-4_8-2014q2/bin/../lib/gcc/arm-none-eabi/4.8.4/../../../../arm-none-eabi/lib/armv7e-m/libg.a(lib_a-mlock.o)
                0x080193a0                __malloc_lock
 *fill*         0x080193a4        0xc 
 .text.__malloc_unlock
                0x080193b0        0x4 /nfs/nfs5/home/research/hardware/arm2/gcc-arm-embedded/gcc-arm-none-eabi-4_8-2014q2/bin/../lib/gcc/arm-none-eabi/4.8.4/../../../../arm-none-eabi/lib/armv7e-m/libg.a(lib_a-mlock.o)
                0x080193b0                __malloc_unlock
 *fill*         0x080193b4        0xc 
 .text.realloc  0x080193c0       0x10 /nfs/nfs5/home/research/hardware/arm2/gcc-arm-embedded/gcc-arm-none-eabi-4_8-2014q2/bin/../lib/gcc/arm-none-eabi/4.8.4/../../../../arm-none-eabi/lib/armv7e-m/libg.a(lib_a-realloc.o)
                0x080193c0                realloc
 .text._realloc_r
                0x080193d0      0x3cc /nfs/nfs5/home/research/hardware/arm2/gcc-arm-embedded/gcc-arm-none-eabi-4_8-2014q2/bin/../lib/gcc/arm-none-eabi/4.8.4/../../../../arm-none-eabi/lib/armv7e-m/libg.a(lib_a-reallocr.o)
                0x080193d0                _realloc_r
 *fill*         0x0801979c        0x4 
 .text._sniprintf_r
                0x080197a0       0x60 /nfs/nfs5/home/research/hardware/arm2/gcc-arm-embedded/gcc-arm-none-eabi-4_8-2014q2/bin/../lib/gcc/arm-none-eabi/4.8.4/../../../../arm-none-eabi/lib/armv7e-m/libg.a(lib_a-sniprintf.o)
                0x080197a0                _sniprintf_r
 .text.sniprintf
                0x08019800       0x68 /nfs/nfs5/home/research/hardware/arm2/gcc-arm-embedded/gcc-arm-none-eabi-4_8-2014q2/bin/../lib/gcc/arm-none-eabi/4.8.4/../../../../arm-none-eabi/lib/armv7e-m/libg.a(lib_a-sniprintf.o)
                0x08019800                sniprintf
 *fill*         0x08019868        0x8 
 .text.strchr   0x08019870       0xf4 /nfs/nfs5/home/research/hardware/arm2/gcc-arm-embedded/gcc-arm-none-eabi-4_8-2014q2/bin/../lib/gcc/arm-none-eabi/4.8.4/../../../../arm-none-eabi/lib/armv7e-m/libg.a(lib_a-strchr.o)
                0x08019870                strchr
 *fill*         0x08019964        0xc 
 .text.__ssprint_r
                0x08019970      0x100 /nfs/nfs5/home/research/hardware/arm2/gcc-arm-embedded/gcc-arm-none-eabi-4_8-2014q2/bin/../lib/gcc/arm-none-eabi/4.8.4/../../../../arm-none-eabi/lib/armv7e-m/libg.a(lib_a-svfiprintf.o)
                0x08019970                __ssprint_r
 .text._svfiprintf_r
                0x08019a70      0xb3c /nfs/nfs5/home/research/hardware/arm2/gcc-arm-embedded/gcc-arm-none-eabi-4_8-2014q2/bin/../lib/gcc/arm-none-eabi/4.8.4/../../../../arm-none-eabi/lib/armv7e-m/libg.a(lib_a-svfiprintf.o)
                0x08019a70                _svfiprintf_r
 *fill*         0x0801a5ac        0x4 
 .text.close    0x0801a5b0       0x10 /nfs/nfs5/home/research/hardware/arm2/gcc-arm-embedded/gcc-arm-none-eabi-4_8-2014q2/bin/../lib/gcc/arm-none-eabi/4.8.4/../../../../arm-none-eabi/lib/armv7e-m/libg.a(lib_a-sysclose.o)
                0x0801a5b0                close
 .text.fstat    0x0801a5c0       0x10 /nfs/nfs5/home/research/hardware/arm2/gcc-arm-embedded/gcc-arm-none-eabi-4_8-2014q2/bin/../lib/gcc/arm-none-eabi/4.8.4/../../../../arm-none-eabi/lib/armv7e-m/libg.a(lib_a-sysfstat.o)
                0x0801a5c0                fstat
 .text.open     0x0801a5d0       0x28 /nfs/nfs5/home/research/hardware/arm2/gcc-arm-embedded/gcc-arm-none-eabi-4_8-2014q2/bin/../lib/gcc/arm-none-eabi/4.8.4/../../../../arm-none-eabi/lib/armv7e-m/libg.a(lib_a-sysopen.o)
                0x0801a5d0                open
 *fill*         0x0801a5f8        0x8 
 .text.read     0x0801a600       0x18 /nfs/nfs5/home/research/hardware/arm2/gcc-arm-embedded/gcc-arm-none-eabi-4_8-2014q2/bin/../lib/gcc/arm-none-eabi/4.8.4/../../../../arm-none-eabi/lib/armv7e-m/libg.a(lib_a-sysread.o)
                0x0801a600                read
 *fill*         0x0801a618        0x8 
 .text._malloc_trim_r
                0x0801a620       0x9c /nfs/nfs5/home/research/hardware/arm2/gcc-arm-embedded/gcc-arm-none-eabi-4_8-2014q2/bin/../lib/gcc/arm-none-eabi/4.8.4/../../../../arm-none-eabi/lib/armv7e-m/libg.a(lib_a-freer.o)
                0x0801a620                _malloc_trim_r
 *fill*         0x0801a6bc        0x4 
 .text._free_r  0x0801a6c0      0x19c /nfs/nfs5/home/research/hardware/arm2/gcc-arm-embedded/gcc-arm-none-eabi-4_8-2014q2/bin/../lib/gcc/arm-none-eabi/4.8.4/../../../../arm-none-eabi/lib/armv7e-m/libg.a(lib_a-freer.o)
                0x0801a6c0                _free_r
 *fill*         0x0801a85c        0x4 
 .text.memchr   0x0801a860       0x90 /nfs/nfs5/home/research/hardware/arm2/gcc-arm-embedded/gcc-arm-none-eabi-4_8-2014q2/bin/../lib/gcc/arm-none-eabi/4.8.4/../../../../arm-none-eabi/lib/armv7e-m/libg.a(lib_a-memchr-stub.o)
                0x0801a860                memchr
 .text.memmove  0x0801a8f0       0xc0 /nfs/nfs5/home/research/hardware/arm2/gcc-arm-embedded/gcc-arm-none-eabi-4_8-2014q2/bin/../lib/gcc/arm-none-eabi/4.8.4/../../../../arm-none-eabi/lib/armv7e-m/libg.a(lib_a-memmove.o)
                0x0801a8f0                memmove
 *(.rodata)
 .rodata        0x0801a9b0       0x80 build/obj/crt1.o
 .rodata        0x0801aa30        0x8 build/obj/chsys.o
 *fill*         0x0801aa38        0x8 
 .rodata        0x0801aa40       0x18 build/obj/chregistry.o
                0x0801aa40                ch_debug
 *fill*         0x0801aa58        0x8 
 .rodata        0x0801aa60        0xc build/obj/rtc.o
 *fill*         0x0801aa6c        0x4 
 .rodata        0x0801aa70       0x20 build/obj/sdc.o
 .rodata        0x0801aa90       0x20 build/obj/serial.o
 .rodata        0x0801aab0        0xc build/obj/usb.o
 *fill*         0x0801aabc        0x4 
 .rodata        0x0801aac0      0x118 build/obj/stm32_dma.o
                0x0801aac0                _stm32_dma_streams
 *fill*         0x0801abd8        0x8 
 .rodata        0x0801abe0       0x40 build/obj/usb_lld.o
 .rodata        0x0801ac20        0x8 build/obj/sdc_lld.o
 *fill*         0x0801ac28        0x8 
 .rodata        0x0801ac30       0x10 build/obj/spi_lld.o
 .rodata        0x0801ac40       0x10 build/obj/serial_lld.o
 .rodata        0x0801ac50      0x120 build/obj/board.o
                0x0801ac50                pal_default_config
 .rodata        0x0801ad70      0x210 build/obj/test.o
                0x0801ad70                wa
 .rodata        0x0801af80       0xd4 build/obj/testthd.o
                0x0801afb8                testthd1
                0x0801afe4                testthd2
                0x0801b010                testthd3
                0x0801b030                testthd4
                0x0801b040                patternthd
 *fill*         0x0801b054        0xc 
 .rodata        0x0801b060       0xe0 build/obj/testsem.o
                0x0801b094                testsem1
                0x0801b0b8                testsem2
                0x0801b0e8                testsem3
                0x0801b11c                testsem4
                0x0801b12c                patternsem
 .rodata        0x0801b140      0x130 build/obj/testmtx.o
                0x0801b180                testmtx1
                0x0801b1ac                testmtx4
                0x0801b1cc                testmtx5
                0x0801b1f4                testmtx6
                0x0801b21c                testmtx7
                0x0801b244                testmtx8
                0x0801b254                patternmtx
 .rodata        0x0801b270       0x2c build/obj/testmsg.o
                0x0801b284                testmsg1
                0x0801b294                patternmsg
 *fill*         0x0801b29c        0x4 
 .rodata        0x0801b2a0       0x40 build/obj/testmbox.o
                0x0801b2c8                testmbox1
                0x0801b2d8                patternmbox
 .rodata        0x0801b2e0       0xa8 build/obj/testevt.o
                0x0801b314                testevt1
                0x0801b344                testevt2
                0x0801b368                testevt3
                0x0801b378                patternevt
 *fill*         0x0801b388        0x8 
 .rodata        0x0801b390       0x40 build/obj/testheap.o
                0x0801b3b8                testheap1
                0x0801b3c8                patternheap
 .rodata        0x0801b3d0       0x34 build/obj/testpools.o
                0x0801b3ec                testpools1
                0x0801b3fc                patternpools
 *fill*         0x0801b404        0xc 
 .rodata        0x0801b410       0xe4 build/obj/testdyn.o
                0x0801b44c                testdyn1
                0x0801b49c                testdyn2
                0x0801b4d4                testdyn3
                0x0801b4e4                patterndyn
 *fill*         0x0801b4f4        0xc 
 .rodata        0x0801b500       0x64 build/obj/testqueues.o
                0x0801b520                testqueues1
                0x0801b548                testqueues2
                0x0801b558                patternqueues
 *fill*         0x0801b564        0xc 
 .rodata        0x0801b570       0x88 build/obj/testsys.o
                0x0801b588                testsys1
                0x0801b5b4                testsys2
                0x0801b5d8                testsys3
                0x0801b5e8                patternsys
 *fill*         0x0801b5f8        0x8 
 .rodata        0x0801b600      0x3d0 build/obj/testbmk.o
                0x0801b640                testbmk1
                0x0801b668                testbmk2
                0x0801b690                testbmk3
                0x0801b6bc                testbmk4
                0x0801b6f8                testbmk5
                0x0801b728                testbmk6
                0x0801b774                testbmk7
                0x0801b7b0                testbmk8
                0x0801b7f0                testbmk9
                0x0801b830                testbmk10
                0x0801b874                testbmk11
                0x0801b8b4                testbmk12
                0x0801b988                testbmk13
                0x0801b998                patternbmk
 .rodata        0x0801b9d0       0x10 build/obj/memstreams.o
 .rodata        0x0801b9e0        0x8 build/obj/chprintf.o
 *fill*         0x0801b9e8        0x8 
 .rodata        0x0801b9f0      0x238 build/obj/shell.o
 *fill*         0x0801bc28        0x8 
 .rodata        0x0801bc30      0x524 build/obj/main.o
 *fill*         0x0801c154        0xc 
 .rodata        0x0801c160       0x60 build/obj/LSM303AGR_ACC_driver.o
                0x0801c160                LSM303AGR_ACC_Sensitivity_List
 *(.rodata.*)
 .rodata.str1.4
                0x0801c1c0       0x74 /nfs/nfs5/home/research/hardware/arm2/gcc-arm-embedded/gcc-arm-none-eabi-4_8-2014q2/bin/../lib/gcc/arm-none-eabi/4.8.4/../../../../arm-none-eabi/lib/armv7e-m/libg.a(lib_a-strftime.o)
                                 0x78 (size before relaxing)
 *fill*         0x0801c234        0xc 
 .rodata._C_time_locale
                0x0801c240       0xfc /nfs/nfs5/home/research/hardware/arm2/gcc-arm-embedded/gcc-arm-none-eabi-4_8-2014q2/bin/../lib/gcc/arm-none-eabi/4.8.4/../../../../arm-none-eabi/lib/armv7e-m/libg.a(lib_a-timelocal.o)
 *fill*         0x0801c33c        0x4 
 .rodata.str1.4
                0x0801c340      0x160 /nfs/nfs5/home/research/hardware/arm2/gcc-arm-embedded/gcc-arm-none-eabi-4_8-2014q2/bin/../lib/gcc/arm-none-eabi/4.8.4/../../../../arm-none-eabi/lib/armv7e-m/libg.a(lib_a-timelocal.o)
                                0x164 (size before relaxing)
 .rodata.str1.4
                0x0801c4a0        0x4 /nfs/nfs5/home/research/hardware/arm2/gcc-arm-embedded/gcc-arm-none-eabi-4_8-2014q2/bin/../lib/gcc/arm-none-eabi/4.8.4/../../../../arm-none-eabi/lib/armv7e-m/libg.a(lib_a-tzvars.o)
 *fill*         0x0801c4a4        0xc 
 .rodata._ctype_
                0x0801c4b0      0x104 /nfs/nfs5/home/research/hardware/arm2/gcc-arm-embedded/gcc-arm-none-eabi-4_8-2014q2/bin/../lib/gcc/arm-none-eabi/4.8.4/../../../../arm-none-eabi/lib/armv7e-m/libg.a(lib_a-ctype_.o)
                0x0801c4b0                _ctype_
 *fill*         0x0801c5b4        0xc 
 .rodata.str1.4
                0x0801c5c0        0x2 /nfs/nfs5/home/research/hardware/arm2/gcc-arm-embedded/gcc-arm-none-eabi-4_8-2014q2/bin/../lib/gcc/arm-none-eabi/4.8.4/../../../../arm-none-eabi/lib/armv7e-m/libg.a(lib_a-impure.o)
                                  0x4 (size before relaxing)
 *fill*         0x0801c5c2        0xe 
 .rodata._global_impure_ptr
                0x0801c5d0        0x4 /nfs/nfs5/home/research/hardware/arm2/gcc-arm-embedded/gcc-arm-none-eabi-4_8-2014q2/bin/../lib/gcc/arm-none-eabi/4.8.4/../../../../arm-none-eabi/lib/armv7e-m/libg.a(lib_a-impure.o)
                0x0801c5d0                _global_impure_ptr
 *fill*         0x0801c5d4        0xc 
 .rodata.str1.4
                0x0801c5e0        0xa /nfs/nfs5/home/research/hardware/arm2/gcc-arm-embedded/gcc-arm-none-eabi-4_8-2014q2/bin/../lib/gcc/arm-none-eabi/4.8.4/../../../../arm-none-eabi/lib/armv7e-m/libg.a(lib_a-ldpart.o)
                                 0x10 (size before relaxing)
 *fill*         0x0801c5ea        0x6 
 .rodata.str1.4
                0x0801c5f0        0x2 /nfs/nfs5/home/research/hardware/arm2/gcc-arm-embedded/gcc-arm-none-eabi-4_8-2014q2/bin/../lib/gcc/arm-none-eabi/4.8.4/../../../../arm-none-eabi/lib/armv7e-m/libg.a(lib_a-locale.o)
                                 0x14 (size before relaxing)
 *fill*         0x0801c5f2        0xe 
 .rodata.zeroes.6707
                0x0801c600       0x10 /nfs/nfs5/home/research/hardware/arm2/gcc-arm-embedded/gcc-arm-none-eabi-4_8-2014q2/bin/../lib/gcc/arm-none-eabi/4.8.4/../../../../arm-none-eabi/lib/armv7e-m/libg.a(lib_a-svfiprintf.o)
 .rodata.str1.4
                0x0801c610       0x30 /nfs/nfs5/home/research/hardware/arm2/gcc-arm-embedded/gcc-arm-none-eabi-4_8-2014q2/bin/../lib/gcc/arm-none-eabi/4.8.4/../../../../arm-none-eabi/lib/armv7e-m/libg.a(lib_a-svfiprintf.o)
 .rodata.blanks.6706
                0x0801c640       0x10 /nfs/nfs5/home/research/hardware/arm2/gcc-arm-embedded/gcc-arm-none-eabi-4_8-2014q2/bin/../lib/gcc/arm-none-eabi/4.8.4/../../../../arm-none-eabi/lib/armv7e-m/libg.a(lib_a-svfiprintf.o)
 *(.glue_7t)
 .glue_7t       0x00000000        0x0 linker stubs
 *(.glue_7)
 .glue_7        0x00000000        0x0 linker stubs
 *(.gcc*)

.vfp11_veneer   0x0801c650        0x0
 .vfp11_veneer  0x00000000        0x0 linker stubs

.v4_bx          0x0801c650        0x0
 .v4_bx         0x00000000        0x0 linker stubs

.iplt           0x0801c650        0x0
 .iplt          0x00000000        0x0 build/obj/crt0_v7m.o

.ARM.extab      0x0801c650        0x0
 *(.ARM.extab* .gnu.linkonce.armextab.*)
 .ARM.extab     0x0801c650        0x0 /nfs/nfs5/home/research/hardware/arm2/gcc-arm-embedded/gcc-arm-none-eabi-4_8-2014q2/bin/../lib/gcc/arm-none-eabi/4.8.4/armv7e-m/libgcc.a(_divdi3.o)
 .ARM.extab     0x0801c650        0x0 /nfs/nfs5/home/research/hardware/arm2/gcc-arm-embedded/gcc-arm-none-eabi-4_8-2014q2/bin/../lib/gcc/arm-none-eabi/4.8.4/armv7e-m/libgcc.a(_udivdi3.o)

.ARM.exidx      0x0801c650        0x8
                0x0801c650                __exidx_start = .
 *(.ARM.exidx* .gnu.linkonce.armexidx.*)
 .ARM.exidx     0x0801c650        0x8 /nfs/nfs5/home/research/hardware/arm2/gcc-arm-embedded/gcc-arm-none-eabi-4_8-2014q2/bin/../lib/gcc/arm-none-eabi/4.8.4/armv7e-m/libgcc.a(_divdi3.o)
 .ARM.exidx     0x0801c658        0x0 /nfs/nfs5/home/research/hardware/arm2/gcc-arm-embedded/gcc-arm-none-eabi-4_8-2014q2/bin/../lib/gcc/arm-none-eabi/4.8.4/armv7e-m/libgcc.a(_udivdi3.o)
                                  0x8 (size before relaxing)
                0x0801c658                __exidx_end = .

.rel.dyn        0x0801c658        0x0
 .rel.iplt      0x00000000        0x0 build/obj/crt0_v7m.o

.eh_frame_hdr
 *(.eh_frame_hdr)

.eh_frame
 *(.eh_frame)

.textalign      0x0801c658        0x0
                0x0801c658                . = ALIGN (0x8)
                0x0801c658                . = ALIGN (0x4)
                0x0801c658                PROVIDE (_etext, .)

.mstack         0x20000000      0x400
                0x20000000                . = ALIGN (0x8)
                0x20000000                __main_stack_base__ = .
                0x20000400                . = (. + __main_stack_size__)
 *fill*         0x20000000      0x400 
                0x20000400                . = ALIGN (0x8)
                0x20000400                __main_stack_end__ = .

.pstack         0x20000400      0x400
                0x20000400                __process_stack_base__ = .
                0x20000400                __main_thread_stack_base__ = .
                0x20000800                . = (. + __process_stack_size__)
 *fill*         0x20000400      0x400 
                0x20000800                . = ALIGN (0x8)
                0x20000800                __process_stack_end__ = .
                0x20000800                __main_thread_stack_end__ = .

.data           0x20000800      0xa1c load address 0x0801c658
                0x20000800                . = ALIGN (0x4)
                0x0801c658                PROVIDE (_textdata, LOADADDR (.data))
                0x20000800                PROVIDE (_data, .)
                0x0801c658                _textdata_start = LOADADDR (.data)
                0x20000800                _data_start = .
 *(.data)
 .data          0x20000800        0x0 build/obj/crt0_v7m.o
 .data          0x20000800        0x0 build/obj/chcoreasm_v7m.o
 .data          0x20000800        0x0 build/obj/crt1.o
 .data          0x20000800        0x0 build/obj/vectors.o
 .data          0x20000800        0x0 build/obj/chsys.o
 .data          0x20000800        0x0 build/obj/chdebug.o
 .data          0x20000800        0x0 build/obj/chvt.o
 .data          0x20000800        0x0 build/obj/chschd.o
 .data          0x20000800        0x0 build/obj/chthreads.o
 .data          0x20000800        0x0 build/obj/chtm.o
 .data          0x20000800        0x0 build/obj/chdynamic.o
 .data          0x20000800        0x0 build/obj/chregistry.o
 .data          0x20000800        0x0 build/obj/chsem.o
 .data          0x20000800        0x0 build/obj/chmtx.o
 .data          0x20000800        0x0 build/obj/chcond.o
 .data          0x20000800        0x0 build/obj/chevents.o
 .data          0x20000800        0x0 build/obj/chmsg.o
 .data          0x20000800        0x0 build/obj/chmboxes.o
 .data          0x20000800        0x0 build/obj/chqueues.o
 .data          0x20000800        0x0 build/obj/chmemcore.o
 .data          0x20000800        0x0 build/obj/chheap.o
 .data          0x20000800        0x0 build/obj/chmempools.o
 .data          0x20000800        0x0 build/obj/chcore.o
 .data          0x20000800        0x0 build/obj/chcore_v7m.o
 .data          0x20000800        0x0 build/obj/osal.o
 .data          0x20000800        0x0 build/obj/hal.o
 .data          0x20000800        0x0 build/obj/st.o
 .data          0x20000800        0x0 build/obj/hal_buffers.o
 .data          0x20000800        0x0 build/obj/hal_queues.o
 .data          0x20000800        0x0 build/obj/hal_mmcsd.o
 .data          0x20000800        0x0 build/obj/pal.o
 .data          0x20000800        0x0 build/obj/rtc.o
 .data          0x20000800        0x0 build/obj/sdc.o
 .data          0x20000800        0x0 build/obj/serial.o
 .data          0x20000800        0x0 build/obj/spi.o
 .data          0x20000800        0x0 build/obj/usb.o
 .data          0x20000800        0x0 build/obj/nvic.o
 .data          0x20000800        0x4 build/obj/hal_lld.o
                0x20000800                SystemCoreClock
 .data          0x20000804        0x0 build/obj/stm32_dma.o
 .data          0x20000804        0x0 build/obj/st_lld.o
 .data          0x20000804        0x0 build/obj/pal_lld.o
 .data          0x20000804        0x0 build/obj/usb_lld.o
 .data          0x20000804        0x0 build/obj/rtc_lld.o
 .data          0x20000804        0x0 build/obj/sdc_lld.o
 .data          0x20000804        0x0 build/obj/spi_lld.o
 .data          0x20000804        0x0 build/obj/serial_lld.o
 .data          0x20000804        0x0 build/obj/board.o
 .data          0x20000804       0x34 build/obj/test.o
 .data          0x20000838        0x0 build/obj/testthd.o
 .data          0x20000838        0xc build/obj/testsem.o
 .data          0x20000844       0x28 build/obj/testmtx.o
 .data          0x2000086c        0x0 build/obj/testmsg.o
 .data          0x2000086c       0x28 build/obj/testmbox.o
 .data          0x20000894        0x8 build/obj/testevt.o
 .data          0x2000089c        0x0 build/obj/testheap.o
 .data          0x2000089c        0xc build/obj/testpools.o
 .data          0x200008a8        0x0 build/obj/testdyn.o
 .data          0x200008a8       0x48 build/obj/testqueues.o
 .data          0x200008f0        0x0 build/obj/testsys.o
 .data          0x200008f0        0x0 build/obj/testbmk.o
 .data          0x200008f0        0x0 build/obj/evtimer.o
 .data          0x200008f0        0x0 build/obj/memstreams.o
 .data          0x200008f0        0x0 build/obj/chprintf.o
 .data          0x200008f0        0x0 build/obj/shell.o
 .data          0x200008f0        0x0 build/obj/syscalls.o
 .data          0x200008f0       0x10 build/obj/main.o
                0x200008f0                calibrated_axes
                0x200008fc                start_tcp
 .data          0x20000900        0x0 build/obj/emu_uart.o
 .data          0x20000900       0x10 build/obj/LSM303AGR_ACC_driver.o
 .data          0x20000910        0x0 build/obj/SensorTile.o
 .data          0x20000910        0x0 /nfs/nfs5/home/research/hardware/arm2/gcc-arm-embedded/gcc-arm-none-eabi-4_8-2014q2/bin/../lib/gcc/arm-none-eabi/4.8.4/armv7e-m/libgcc.a(_aeabi_ldivmod.o)
 .data          0x20000910        0x0 /nfs/nfs5/home/research/hardware/arm2/gcc-arm-embedded/gcc-arm-none-eabi-4_8-2014q2/bin/../lib/gcc/arm-none-eabi/4.8.4/armv7e-m/libgcc.a(bpabi.o)
 .data          0x20000910        0x0 /nfs/nfs5/home/research/hardware/arm2/gcc-arm-embedded/gcc-arm-none-eabi-4_8-2014q2/bin/../lib/gcc/arm-none-eabi/4.8.4/armv7e-m/libgcc.a(_dvmd_tls.o)
 .data          0x20000910        0x0 /nfs/nfs5/home/research/hardware/arm2/gcc-arm-embedded/gcc-arm-none-eabi-4_8-2014q2/bin/../lib/gcc/arm-none-eabi/4.8.4/armv7e-m/libgcc.a(_divdi3.o)
 .data          0x20000910        0x0 /nfs/nfs5/home/research/hardware/arm2/gcc-arm-embedded/gcc-arm-none-eabi-4_8-2014q2/bin/../lib/gcc/arm-none-eabi/4.8.4/armv7e-m/libgcc.a(_udivdi3.o)
 .data          0x20000910        0x0 /nfs/nfs5/home/research/hardware/arm2/gcc-arm-embedded/gcc-arm-none-eabi-4_8-2014q2/bin/../lib/gcc/arm-none-eabi/4.8.4/../../../../arm-none-eabi/lib/armv7e-m/libg.a(lib_a-atoi.o)
 .data          0x20000910        0x0 /nfs/nfs5/home/research/hardware/arm2/gcc-arm-embedded/gcc-arm-none-eabi-4_8-2014q2/bin/../lib/gcc/arm-none-eabi/4.8.4/../../../../arm-none-eabi/lib/armv7e-m/libg.a(lib_a-memcpy.o)
 .data          0x20000910        0x0 /nfs/nfs5/home/research/hardware/arm2/gcc-arm-embedded/gcc-arm-none-eabi-4_8-2014q2/bin/../lib/gcc/arm-none-eabi/4.8.4/../../../../arm-none-eabi/lib/armv7e-m/libg.a(lib_a-memset.o)
 .data          0x20000910        0x0 /nfs/nfs5/home/research/hardware/arm2/gcc-arm-embedded/gcc-arm-none-eabi-4_8-2014q2/bin/../lib/gcc/arm-none-eabi/4.8.4/../../../../arm-none-eabi/lib/armv7e-m/libg.a(lib_a-strcat.o)
 .data          0x20000910        0x0 /nfs/nfs5/home/research/hardware/arm2/gcc-arm-embedded/gcc-arm-none-eabi-4_8-2014q2/bin/../lib/gcc/arm-none-eabi/4.8.4/../../../../arm-none-eabi/lib/armv7e-m/libg.a(lib_a-strcmp.o)
 .data          0x20000910        0x0 /nfs/nfs5/home/research/hardware/arm2/gcc-arm-embedded/gcc-arm-none-eabi-4_8-2014q2/bin/../lib/gcc/arm-none-eabi/4.8.4/../../../../arm-none-eabi/lib/armv7e-m/libg.a(lib_a-strcpy.o)
 .data          0x20000910        0x0 /nfs/nfs5/home/research/hardware/arm2/gcc-arm-embedded/gcc-arm-none-eabi-4_8-2014q2/bin/../lib/gcc/arm-none-eabi/4.8.4/../../../../arm-none-eabi/lib/armv7e-m/libg.a(lib_a-strftime.o)
 .data          0x20000910        0x0 /nfs/nfs5/home/research/hardware/arm2/gcc-arm-embedded/gcc-arm-none-eabi-4_8-2014q2/bin/../lib/gcc/arm-none-eabi/4.8.4/../../../../arm-none-eabi/lib/armv7e-m/libg.a(lib_a-strlen.o)
 .data          0x20000910        0x0 /nfs/nfs5/home/research/hardware/arm2/gcc-arm-embedded/gcc-arm-none-eabi-4_8-2014q2/bin/../lib/gcc/arm-none-eabi/4.8.4/../../../../arm-none-eabi/lib/armv7e-m/libg.a(lib_a-strpbrk.o)
 .data          0x20000910        0x0 /nfs/nfs5/home/research/hardware/arm2/gcc-arm-embedded/gcc-arm-none-eabi-4_8-2014q2/bin/../lib/gcc/arm-none-eabi/4.8.4/../../../../arm-none-eabi/lib/armv7e-m/libg.a(lib_a-strspn.o)